Archive member included to satisfy reference by file (symbol)

.pio/build/uno_r4_minima/lib9c8/libWiFiS3.a(WiFi.cpp.o)
                              .pio/build/uno_r4_minima/src/main.cpp.o (CWifi::SSID())
.pio/build/uno_r4_minima/lib9c8/libWiFiS3.a(Modem.cpp.o)
                              .pio/build/uno_r4_minima/lib9c8/libWiFiS3.a(WiFi.cpp.o) (ModemClass::write(std::__cxx11::basic_string<char, std::char_traits<char>, std::allocator<char> > const&, std::__cxx11::basic_string<char, std::char_traits<char>, std::allocator<char> >&, char const*, ...))
.pio/build/uno_r4_minima/libFrameworkArduinoVariant.a(main.c.o)
                              /home/strawmanbobi/.platformio/packages/toolchain-gccarmnoneeabi/bin/../lib/gcc/arm-none-eabi/7.2.1/../../../../arm-none-eabi/lib/thumb/v7e-m/fpv4-sp/hard/crt0.o (main)
.pio/build/uno_r4_minima/libFrameworkArduino.a(Serial.cpp.o)
                              .pio/build/uno_r4_minima/src/main.cpp.o (UART::operator bool())
.pio/build/uno_r4_minima/libFrameworkArduino.a(SerialObj1.cpp.o)
                              .pio/build/uno_r4_minima/src/main.cpp.o (_UART1_)
.pio/build/uno_r4_minima/libFrameworkArduino.a(SerialObj3.cpp.o)
                              .pio/build/uno_r4_minima/lib9c8/libWiFiS3.a(Modem.cpp.o) (_UART3_)
.pio/build/uno_r4_minima/libFrameworkArduino.a(IPAddress.cpp.o)
                              .pio/build/uno_r4_minima/lib9c8/libWiFiS3.a(WiFi.cpp.o) (arduino::IPAddress::IPAddress())
.pio/build/uno_r4_minima/libFrameworkArduino.a(Print.cpp.o)
                              .pio/build/uno_r4_minima/libFrameworkArduino.a(Serial.cpp.o) (arduino::Print::write(unsigned char const*, unsigned int))
.pio/build/uno_r4_minima/libFrameworkArduino.a(String.cpp.o)
                              .pio/build/uno_r4_minima/lib9c8/libWiFiS3.a(WiFi.cpp.o) (arduino::String::~String())
.pio/build/uno_r4_minima/libFrameworkArduino.a(itoa.c.o)
                              .pio/build/uno_r4_minima/libFrameworkArduino.a(String.cpp.o) (dtostrf)
.pio/build/uno_r4_minima/libFrameworkArduino.a(main.cpp.o)
                              .pio/build/uno_r4_minima/libFrameworkArduinoVariant.a(main.c.o) (hal_entry)
.pio/build/uno_r4_minima/libFrameworkArduino.a(time.cpp.o)
                              .pio/build/uno_r4_minima/src/main.cpp.o (delay)
.pio/build/uno_r4_minima/libFrameworkArduino.a(variant_helper.cpp.o)
                              .pio/build/uno_r4_minima/libFrameworkArduino.a(Serial.cpp.o) (getPinCfgs(unsigned char, PinCfgReq_t))
.pio/build/uno_r4_minima/libFrameworkArduino.a(vector_table.c.o)
                              .pio/build/uno_r4_minima/libFrameworkArduino.a(main.cpp.o) (g_vector_table)
.pio/build/uno_r4_minima/libFrameworkArduino.a(FspTimer.cpp.o)
                              .pio/build/uno_r4_minima/libFrameworkArduino.a(time.cpp.o) (FspTimer::FspTimer())
.pio/build/uno_r4_minima/libFrameworkArduino.a(IRQManager.cpp.o)
                              .pio/build/uno_r4_minima/libFrameworkArduino.a(Serial.cpp.o) (IRQManager::getInstance())
.pio/build/uno_r4_minima/libFrameworkArduino.a(analog.cpp.o)
                              .pio/build/uno_r4_minima/libFrameworkArduino.a(main.cpp.o) (analogReference())
.pio/build/uno_r4_minima/libFrameworkArduino.a(Common.cpp.o)
                              .pio/build/uno_r4_minima/libFrameworkArduino.a(analog.cpp.o) (map(long, long, long, long, long))
.pio/build/uno_r4_minima/libFrameworkArduino.a(cm_backtrace.c.o)
                              .pio/build/uno_r4_minima/libFrameworkArduino.a(main.cpp.o) (cm_backtrace_init)
.pio/build/uno_r4_minima/libFrameworkArduino.a(cortex_handlers.c.o)
                              .pio/build/uno_r4_minima/libFrameworkArduino.a(main.cpp.o) (Stacktrace_Handler)
.pio/build/uno_r4_minima/libFrameworkArduino.a(dac.cpp.o)
                              .pio/build/uno_r4_minima/libFrameworkArduino.a(analog.cpp.o) (CDac::analogWrite(int))
.pio/build/uno_r4_minima/libFrameworkArduino.a(pinDefinitions.cpp.o)
                              .pio/build/uno_r4_minima/libFrameworkArduino.a(analog.cpp.o) (pinPeripheral(e_bsp_io_port_pin_t, unsigned long))
.pio/build/uno_r4_minima/libFrameworkArduino.a(pwm.cpp.o)
                              .pio/build/uno_r4_minima/libFrameworkArduino.a(analog.cpp.o) (PwmOut::PwmOut(int))
/home/strawmanbobi/.platformio/packages/framework-arduinorenesas-uno/variants/UNOWIFIR4/libs/libfsp.a(r_spi.o)
                              .pio/build/uno_r4_minima/libFrameworkArduino.a(IRQManager.cpp.o) (spi_rxi_isr)
/home/strawmanbobi/.platformio/packages/framework-arduinorenesas-uno/variants/UNOWIFIR4/libs/libfsp.a(r_sci_uart.o)
                              .pio/build/uno_r4_minima/libFrameworkArduino.a(Serial.cpp.o) (R_SCI_UART_Write)
/home/strawmanbobi/.platformio/packages/framework-arduinorenesas-uno/variants/UNOWIFIR4/libs/libfsp.a(r_sci_spi.o)
                              .pio/build/uno_r4_minima/libFrameworkArduino.a(IRQManager.cpp.o) (sci_spi_txi_isr)
[...]
Memory Configuration

Name             Origin             Length             Attributes
FLASH            0x0000000000004000 0x000000000003c000 xr
RAM              0x0000000020000000 0x0000000000008000 xrw
DATA_FLASH       0x0000000040100000 0x0000000000002000 xr
OPTION_SETTING   0x0000000000000000 0x0000000000000000 r
OPTION_SETTING_S 0x0000000000000000 0x0000000000000000 r
ID_CODE          0x0000000001010018 0x0000000000000020 xr
*default*        0x0000000000000000 0xffffffffffffffff

Linker script and memory map

LOAD /home/strawmanbobi/.platformio/packages/toolchain-gccarmnoneeabi/bin/../lib/gcc/arm-none-eabi/7.2.1/thumb/v7e-m/fpv4-sp/hard/crti.o
LOAD /home/strawmanbobi/.platformio/packages/toolchain-gccarmnoneeabi/bin/../lib/gcc/arm-none-eabi/7.2.1/thumb/v7e-m/fpv4-sp/hard/crtbegin.o
LOAD /home/strawmanbobi/.platformio/packages/toolchain-gccarmnoneeabi/bin/../lib/gcc/arm-none-eabi/7.2.1/../../../../arm-none-eabi/lib/thumb/v7e-m/fpv4-sp/hard/crt0.o
LOAD .pio/build/uno_r4_minima/src/main.cpp.o
START GROUP
LOAD .pio/build/uno_r4_minima/lib9c8/libWiFiS3.a
LOAD .pio/build/uno_r4_minima/libFrameworkArduinoVariant.a
LOAD .pio/build/uno_r4_minima/libFrameworkArduino.a
LOAD /home/strawmanbobi/.platformio/packages/framework-arduinorenesas-uno/variants/UNOWIFIR4/libs/libfsp.a
LOAD /home/strawmanbobi/.platformio/packages/toolchain-gccarmnoneeabi/bin/../lib/gcc/arm-none-eabi/7.2.1/../../../../arm-none-eabi/lib/thumb/v7e-m/fpv4-sp/hard/libstdc++_nano.a
LOAD /home/strawmanbobi/.platformio/packages/toolchain-gccarmnoneeabi/bin/../lib/gcc/arm-none-eabi/7.2.1/../../../../arm-none-eabi/lib/thumb/v7e-m/fpv4-sp/hard/libsupc++_nano.a
LOAD /home/strawmanbobi/.platformio/packages/toolchain-gccarmnoneeabi/bin/../lib/gcc/arm-none-eabi/7.2.1/thumb/v7e-m/fpv4-sp/hard/libgcc.a
LOAD /home/strawmanbobi/.platformio/packages/toolchain-gccarmnoneeabi/bin/../lib/gcc/arm-none-eabi/7.2.1/../../../../arm-none-eabi/lib/thumb/v7e-m/fpv4-sp/hard/libnosys.a
END GROUP
LOAD /home/strawmanbobi/.platformio/packages/toolchain-gccarmnoneeabi/bin/../lib/gcc/arm-none-eabi/7.2.1/../../../../arm-none-eabi/lib/thumb/v7e-m/fpv4-sp/hard/libstdc++_nano.a
LOAD /home/strawmanbobi/.platformio/packages/toolchain-gccarmnoneeabi/bin/../lib/gcc/arm-none-eabi/7.2.1/../../../../arm-none-eabi/lib/thumb/v7e-m/fpv4-sp/hard/libm.a
LOAD /home/strawmanbobi/.platformio/packages/toolchain-gccarmnoneeabi/bin/../lib/gcc/arm-none-eabi/7.2.1/../../../../arm-none-eabi/lib/thumb/v7e-m/fpv4-sp/hard/libc_nano.a
START GROUP
LOAD /home/strawmanbobi/.platformio/packages/toolchain-gccarmnoneeabi/bin/../lib/gcc/arm-none-eabi/7.2.1/thumb/v7e-m/fpv4-sp/hard/libgcc.a
LOAD /home/strawmanbobi/.platformio/packages/toolchain-gccarmnoneeabi/bin/../lib/gcc/arm-none-eabi/7.2.1/../../../../arm-none-eabi/lib/thumb/v7e-m/fpv4-sp/hard/libc_nano.a
END GROUP
START GROUP
LOAD /home/strawmanbobi/.platformio/packages/toolchain-gccarmnoneeabi/bin/../lib/gcc/arm-none-eabi/7.2.1/thumb/v7e-m/fpv4-sp/hard/libgcc.a
LOAD /home/strawmanbobi/.platformio/packages/toolchain-gccarmnoneeabi/bin/../lib/gcc/arm-none-eabi/7.2.1/../../../../arm-none-eabi/lib/thumb/v7e-m/fpv4-sp/hard/libc_nano.a
LOAD /home/strawmanbobi/.platformio/packages/toolchain-gccarmnoneeabi/bin/../lib/gcc/arm-none-eabi/7.2.1/../../../../arm-none-eabi/lib/thumb/v7e-m/fpv4-sp/hard/libnosys.a
END GROUP
START GROUP
LOAD /home/strawmanbobi/.platformio/packages/toolchain-gccarmnoneeabi/bin/../lib/gcc/arm-none-eabi/7.2.1/thumb/v7e-m/fpv4-sp/hard/libgcc.a
LOAD /home/strawmanbobi/.platformio/packages/toolchain-gccarmnoneeabi/bin/../lib/gcc/arm-none-eabi/7.2.1/../../../../arm-none-eabi/lib/thumb/v7e-m/fpv4-sp/hard/libc_nano.a
LOAD /home/strawmanbobi/.platformio/packages/toolchain-gccarmnoneeabi/bin/../lib/gcc/arm-none-eabi/7.2.1/../../../../arm-none-eabi/lib/thumb/v7e-m/fpv4-sp/hard/libnosys.a
END GROUP
LOAD /home/strawmanbobi/.platformio/packages/toolchain-gccarmnoneeabi/bin/../lib/gcc/arm-none-eabi/7.2.1/thumb/v7e-m/fpv4-sp/hard/crtend.o
LOAD /home/strawmanbobi/.platformio/packages/toolchain-gccarmnoneeabi/bin/../lib/gcc/arm-none-eabi/7.2.1/thumb/v7e-m/fpv4-sp/hard/crtn.o
                0x0000000020000000                RAM_START = 0x20000000
                0x0000000000008000                RAM_LENGTH = 0x8000
                0x0000000000000000                FLASH_START = 0x0
                0x0000000000040000                FLASH_LENGTH = 0x40000
                0x0000000040100000                DATA_FLASH_START = 0x40100000
                0x0000000000002000                DATA_FLASH_LENGTH = 0x2000
                0x0000000000000000                OPTION_SETTING_START = 0x0
                0x0000000000000000                OPTION_SETTING_LENGTH = 0x0
                0x0000000000000000                OPTION_SETTING_S_START = 0x0
                0x0000000000000000                OPTION_SETTING_S_LENGTH = 0x0
                0x0000000001010018                ID_CODE_START = 0x1010018
                0x0000000000000020                ID_CODE_LENGTH = 0x20
                0x0000000090000000                SDRAM_START = 0x90000000
                0x0000000000000000                SDRAM_LENGTH = 0x0
                0x0000000060000000                QSPI_FLASH_START = 0x60000000
                0x0000000000000000                QSPI_FLASH_LENGTH = 0x0
                0x0000000068000000                OSPI_DEVICE_0_START = 0x68000000
                0x0000000000000000                OSPI_DEVICE_0_LENGTH = 0x0
                0x0000000070000000                OSPI_DEVICE_1_START = 0x70000000
                0x0000000000000000                OSPI_DEVICE_1_LENGTH = 0x0
                0x0000000000004000                FLASH_IMAGE_START = 0x4000
                0x0000000000000100                VECTOR_TABLE_LENGTH = 0x100
                0x0000000000000400                BSP_CFG_STACK_MAIN_BYTES = 0x400
START GROUP
LOAD /home/strawmanbobi/.platformio/packages/toolchain-gccarmnoneeabi/bin/../lib/gcc/arm-none-eabi/7.2.1/thumb/v7e-m/fpv4-sp/hard/libgcc.a
LOAD /home/strawmanbobi/.platformio/packages/toolchain-gccarmnoneeabi/bin/../lib/gcc/arm-none-eabi/7.2.1/../../../../arm-none-eabi/lib/thumb/v7e-m/fpv4-sp/hard/libc.a
LOAD /home/strawmanbobi/.platformio/packages/toolchain-gccarmnoneeabi/bin/../lib/gcc/arm-none-eabi/7.2.1/../../../../arm-none-eabi/lib/thumb/v7e-m/fpv4-sp/hard/libm.a
LOAD /home/strawmanbobi/.platformio/packages/toolchain-gccarmnoneeabi/bin/../lib/gcc/arm-none-eabi/7.2.1/../../../../arm-none-eabi/lib/thumb/v7e-m/fpv4-sp/hard/libnosys.a
END GROUP

.text           0x0000000000004000     0xbb14
                0x0000000000000000                __tz_FLASH_S = ABSOLUTE (FLASH_START)
                0x0000000000004000                __ROM_Start = .
 *(.sketch_boot)
                0x0000000000004000                . = ALIGN (0x800)
 *(.fixed_vectors*)
 .fixed_vectors
                0x0000000000004000       0x40 /home/strawmanbobi/.platformio/packages/framework-arduinorenesas-uno/variants/UNOWIFIR4/libs/libfsp.a(startup.o)
                0x0000000000004000                __Vectors
 *(.application_vectors*)
 .application_vectors
                0x0000000000004040       0x80 .pio/build/uno_r4_minima/libFrameworkArduino.a(vector_table.c.o)
                0x0000000000004040                g_vector_table
                0x00000000000040c0                __Vectors_End = .
 *(.text*)
 .text          0x00000000000040c0       0x40 /home/strawmanbobi/.platformio/packages/toolchain-gccarmnoneeabi/bin/../lib/gcc/arm-none-eabi/7.2.1/thumb/v7e-m/fpv4-sp/hard/crtbegin.o
 .text._Z15printWiFiStatusv
                0x0000000000004100       0x74 .pio/build/uno_r4_minima/src/main.cpp.o
                0x0000000000004100                printWiFiStatus()
 .text.loop     0x0000000000004174       0x5c .pio/build/uno_r4_minima/src/main.cpp.o
                0x0000000000004174                loop
 .text.setup    0x00000000000041d0       0x8c .pio/build/uno_r4_minima/src/main.cpp.o
                0x00000000000041d0                setup
 .text._ZNSt7__cxx1112basic_stringIcSt11char_traitsIcESaIcEE9_M_createERjj.isra.24
                0x000000000000425c       0x34 .pio/build/uno_r4_minima/lib9c8/libWiFiS3.a(WiFi.cpp.o)
 .text._ZN5CWifiC2Ev
                0x0000000000004290       0x68 .pio/build/uno_r4_minima/lib9c8/libWiFiS3.a(WiFi.cpp.o)
                0x0000000000004290                CWifi::CWifi()
                0x0000000000004290                CWifi::CWifi()
 .text._ZNSt7__cxx1112basic_stringIcSt11char_traitsIcESaIcEE10_M_disposeEv
                0x00000000000042f8       0x10 .pio/build/uno_r4_minima/lib9c8/libWiFiS3.a(WiFi.cpp.o)
                0x00000000000042f8                std::__cxx11::basic_string<char, std::char_traits<char>, std::allocator<char> >::_M_dispose()
 .text._ZNSt7__cxx1112basic_stringIcSt11char_traitsIcESaIcEE7_S_copyEPcPKcj
                0x0000000000004308       0x1a .pio/build/uno_r4_minima/lib9c8/libWiFiS3.a(WiFi.cpp.o)
                0x0000000000004308                std::__cxx11::basic_string<char, std::char_traits<char>, std::allocator<char> >::_S_copy(char*, char const*, unsigned int)
 .text._ZNSt7__cxx1112basic_stringIcSt11char_traitsIcESaIcEE9_M_assignERKS4_
                0x0000000000004322       0x4e .pio/build/uno_r4_minima/lib9c8/libWiFiS3.a(WiFi.cpp.o)
                0x0000000000004322                std::__cxx11::basic_string<char, std::char_traits<char>, std::allocator<char> >::_M_assign(std::__cxx11::basic_string<char, std::char_traits<char>, std::allocator<char> > const&)
 .text._ZNSt7__cxx1112basic_stringIcSt11char_traitsIcESaIcEE12_M_constructIPKcEEvT_S8_St20forward_iterator_tag.isra.25
                0x0000000000004370       0x44 .pio/build/uno_r4_minima/lib9c8/libWiFiS3.a(WiFi.cpp.o)
 .text._ZNSt7__cxx1112basic_stringIcSt11char_traitsIcESaIcEEC2EPKcRKS3_.constprop.34
                0x00000000000043b4       0x28 .pio/build/uno_r4_minima/lib9c8/libWiFiS3.a(WiFi.cpp.o)
 .text._ZN5CWifi4SSIDEv
                0x00000000000043dc       0xd8 .pio/build/uno_r4_minima/lib9c8/libWiFiS3.a(WiFi.cpp.o)
                0x00000000000043dc                CWifi::SSID()
 .text._ZN5CWifi6statusEv
                0x00000000000044b4       0x60 .pio/build/uno_r4_minima/lib9c8/libWiFiS3.a(WiFi.cpp.o)
                0x00000000000044b4                CWifi::status()
 .text._ZN5CWifi5beginEPKcS1_
                0x0000000000004514       0xd0 .pio/build/uno_r4_minima/lib9c8/libWiFiS3.a(WiFi.cpp.o)
                0x0000000000004514                CWifi::begin(char const*, char const*)
 .text._ZN5CWifi4RSSIEv
                0x00000000000045e4       0x50 .pio/build/uno_r4_minima/lib9c8/libWiFiS3.a(WiFi.cpp.o)
                0x00000000000045e4                CWifi::RSSI()
 .text._ZN5CWifi7localIPEv
                0x0000000000004634       0xd8 .pio/build/uno_r4_minima/lib9c8/libWiFiS3.a(WiFi.cpp.o)
                0x0000000000004634                CWifi::localIP()
 .text.startup._GLOBAL__sub_I__ZN5CWifiC2Ev
                0x000000000000470c        0xc .pio/build/uno_r4_minima/lib9c8/libWiFiS3.a(WiFi.cpp.o)
 .text.exit._GLOBAL__sub_D__ZN5CWifiC2Ev
                0x0000000000004718       0x1c .pio/build/uno_r4_minima/lib9c8/libWiFiS3.a(WiFi.cpp.o)
 .text._ZNSt7__cxx1112basic_stringIcSt11char_traitsIcESaIcEE9_M_createERjj.isra.21
                0x0000000000004734       0x34 .pio/build/uno_r4_minima/lib9c8/libWiFiS3.a(Modem.cpp.o)
 .text._ZN10ModemClassD2Ev
                0x0000000000004768       0x18 .pio/build/uno_r4_minima/lib9c8/libWiFiS3.a(Modem.cpp.o)
                0x0000000000004768                ModemClass::~ModemClass()
                0x0000000000004768                ModemClass::~ModemClass()
 .text._ZNKSt7__cxx1112basic_stringIcSt11char_traitsIcESaIcEE7compareEPKc
                0x0000000000004780       0x28 .pio/build/uno_r4_minima/lib9c8/libWiFiS3.a(Modem.cpp.o)
                0x0000000000004780                std::__cxx11::basic_string<char, std::char_traits<char>, std::allocator<char> >::compare(char const*) const
 .text._ZNSt7__cxx1112basic_stringIcSt11char_traitsIcESaIcEEC2EPKcRKS3_
                0x00000000000047a8       0x50 .pio/build/uno_r4_minima/lib9c8/libWiFiS3.a(Modem.cpp.o)
                0x00000000000047a8                std::__cxx11::basic_string<char, std::char_traits<char>, std::allocator<char> >::basic_string(char const*, std::allocator<char> const&)
                0x00000000000047a8                std::__cxx11::basic_string<char, std::char_traits<char>, std::allocator<char> >::basic_string(char const*, std::allocator<char> const&)
 .text._ZNSt7__cxx1112basic_stringIcSt11char_traitsIcESaIcEE9_M_mutateEjjPKcj
                0x00000000000047f8       0x7e .pio/build/uno_r4_minima/lib9c8/libWiFiS3.a(Modem.cpp.o)
                0x00000000000047f8                std::__cxx11::basic_string<char, std::char_traits<char>, std::allocator<char> >::_M_mutate(unsigned int, unsigned int, char const*, unsigned int)
 .text._ZNSt7__cxx1112basic_stringIcSt11char_traitsIcESaIcEE9push_backEc
                0x0000000000004876       0x3e .pio/build/uno_r4_minima/lib9c8/libWiFiS3.a(Modem.cpp.o)
                0x0000000000004876                std::__cxx11::basic_string<char, std::char_traits<char>, std::allocator<char> >::push_back(char)
 .text._ZNSt7__cxx1112basic_stringIcSt11char_traitsIcESaIcEE7_S_moveEPcPKcj
                0x00000000000048b4       0x1a .pio/build/uno_r4_minima/lib9c8/libWiFiS3.a(Modem.cpp.o)
                0x00000000000048b4                std::__cxx11::basic_string<char, std::char_traits<char>, std::allocator<char> >::_S_move(char*, char const*, unsigned int)
 *fill*         0x00000000000048ce        0x2 ff
 .text._ZNSt7__cxx1112basic_stringIcSt11char_traitsIcESaIcEE10_M_replaceEjjPKcj
                0x00000000000048d0       0xfc .pio/build/uno_r4_minima/lib9c8/libWiFiS3.a(Modem.cpp.o)
                0x00000000000048d0                std::__cxx11::basic_string<char, std::char_traits<char>, std::allocator<char> >::_M_replace(unsigned int, unsigned int, char const*, unsigned int)
 .text._ZNSt7__cxx1112basic_stringIcSt11char_traitsIcESaIcEEaSEPKc
                0x00000000000049cc       0x1e .pio/build/uno_r4_minima/lib9c8/libWiFiS3.a(Modem.cpp.o)
                0x00000000000049cc                std::__cxx11::basic_string<char, std::char_traits<char>, std::allocator<char> >::operator=(char const*)
 *fill*         0x00000000000049ea        0x2 ff
 .text._ZN10ModemClass8buf_readERKNSt7__cxx1112basic_stringIcSt11char_traitsIcESaIcEEERS5_
                0x00000000000049ec      0x338 .pio/build/uno_r4_minima/lib9c8/libWiFiS3.a(Modem.cpp.o)
                0x00000000000049ec                ModemClass::buf_read(std::__cxx11::basic_string<char, std::char_traits<char>, std::allocator<char> > const&, std::__cxx11::basic_string<char, std::char_traits<char>, std::allocator<char> >&)
 .text._ZN10ModemClass5writeERKNSt7__cxx1112basic_stringIcSt11char_traitsIcESaIcEEERS5_PKcz
                0x0000000000004d24       0xdc .pio/build/uno_r4_minima/lib9c8/libWiFiS3.a(Modem.cpp.o)
                0x0000000000004d24                ModemClass::write(std::__cxx11::basic_string<char, std::char_traits<char>, std::allocator<char> > const&, std::__cxx11::basic_string<char, std::char_traits<char>, std::allocator<char> >&, char const*, ...)
 .text._ZN10ModemClass5beginEii
                0x0000000000004e00       0x94 .pio/build/uno_r4_minima/lib9c8/libWiFiS3.a(Modem.cpp.o)
                0x0000000000004e00                ModemClass::begin(int, int)
 .text.startup._GLOBAL__sub_I__ZN10ModemClassC2Eii
                0x0000000000004e94       0x28 .pio/build/uno_r4_minima/lib9c8/libWiFiS3.a(Modem.cpp.o)
 .text.exit._GLOBAL__sub_D__ZN10ModemClassC2Eii
                0x0000000000004ebc        0xc .pio/build/uno_r4_minima/lib9c8/libWiFiS3.a(Modem.cpp.o)
 .text.startup.main
                0x0000000000004ec8        0xa .pio/build/uno_r4_minima/libFrameworkArduinoVariant.a(main.c.o)
                0x0000000000004ec8                main
 .text._ZN7arduino5Print17availableForWriteEv
                0x0000000000004ed2        0x4 .pio/build/uno_r4_minima/libFrameworkArduino.a(Serial.cpp.o)
                0x0000000000004ed2                arduino::Print::availableForWrite()
 .text._ZN4UARTcvbEv
                0x0000000000004ed6        0x4 .pio/build/uno_r4_minima/libFrameworkArduino.a(Serial.cpp.o)
                0x0000000000004ed6                UART::operator bool()
 .text._ZN4UART5beginEm
                0x0000000000004eda        0xa .pio/build/uno_r4_minima/libFrameworkArduino.a(Serial.cpp.o)
                0x0000000000004eda                UART::begin(unsigned long)
 .text._ZN4UART5flushEv
                0x0000000000004ee4        0xa .pio/build/uno_r4_minima/libFrameworkArduino.a(Serial.cpp.o)
                0x0000000000004ee4                UART::flush()
 .text._ZN4UART4peekEv
                0x0000000000004eee       0x18 .pio/build/uno_r4_minima/libFrameworkArduino.a(Serial.cpp.o)
                0x0000000000004eee                UART::peek()
 .text._ZN4UART5writeEh
                0x0000000000004f06       0x34 .pio/build/uno_r4_minima/libFrameworkArduino.a(Serial.cpp.o)
                0x0000000000004f06                UART::write(unsigned char)
 .text._ZN4UART3endEv
                0x0000000000004f3a       0x22 .pio/build/uno_r4_minima/libFrameworkArduino.a(Serial.cpp.o)
                0x0000000000004f3a                UART::end()
 .text._ZN7__GuardD2Ev
                0x0000000000004f5c        0xc .pio/build/uno_r4_minima/libFrameworkArduino.a(Serial.cpp.o)
                0x0000000000004f5c                __Guard::~__Guard()
                0x0000000000004f5c                __Guard::~__Guard()
 .text._ZN4UART9availableEv
                0x0000000000004f68       0x32 .pio/build/uno_r4_minima/libFrameworkArduino.a(Serial.cpp.o)
                0x0000000000004f68                UART::available()
 *fill*         0x0000000000004f9a        0x2 ff
 .text._ZN4UART15WrapperCallbackEP20st_uart_callback_arg
                0x0000000000004f9c       0x90 .pio/build/uno_r4_minima/libFrameworkArduino.a(Serial.cpp.o)
                0x0000000000004f9c                UART::WrapperCallback(st_uart_callback_arg*)
 .text._ZN4UART4readEv
                0x000000000000502c       0x5c .pio/build/uno_r4_minima/libFrameworkArduino.a(Serial.cpp.o)
                0x000000000000502c                UART::read()
 .text._ZN4UARTC2Eiiii
                0x0000000000005088       0x78 .pio/build/uno_r4_minima/libFrameworkArduino.a(Serial.cpp.o)
                0x0000000000005088                UART::UART(int, int, int, int)
                0x0000000000005088                UART::UART(int, int, int, int)
 .text._ZN4UART13setUpUartIrqsER11st_uart_cfg
                0x0000000000005100       0x14 .pio/build/uno_r4_minima/libFrameworkArduino.a(Serial.cpp.o)
                0x0000000000005100                UART::setUpUartIrqs(st_uart_cfg&)
 .text._ZN4UART5writeEPhj
                0x0000000000005114       0x2e .pio/build/uno_r4_minima/libFrameworkArduino.a(Serial.cpp.o)
                0x0000000000005114                UART::write(unsigned char*, unsigned int)
 *fill*         0x0000000000005142        0x2 ff
 .text._ZN4UART8cfg_pinsEi
                0x0000000000005144       0xe8 .pio/build/uno_r4_minima/libFrameworkArduino.a(Serial.cpp.o)
                0x0000000000005144                UART::cfg_pins(int)
 .text._ZN4UART5beginEmt
                0x000000000000522c      0x1a8 .pio/build/uno_r4_minima/libFrameworkArduino.a(Serial.cpp.o)
                0x000000000000522c                UART::begin(unsigned long, unsigned short)
 .text._ZN4UART9write_rawEPhj
                0x00000000000053d4       0x1e .pio/build/uno_r4_minima/libFrameworkArduino.a(Serial.cpp.o)
                0x00000000000053d4                UART::write_raw(unsigned char*, unsigned int)
 *fill*         0x00000000000053f2        0x2 ff
 .text.startup._GLOBAL__sub_I__UART1_
                0x00000000000053f4       0x1c .pio/build/uno_r4_minima/libFrameworkArduino.a(SerialObj1.cpp.o)
 .text.startup._GLOBAL__sub_I__UART3_
                0x0000000000005410       0x1c .pio/build/uno_r4_minima/libFrameworkArduino.a(SerialObj3.cpp.o)
 .text._ZNK7arduino9IPAddress7printToERNS_5PrintE
                0x000000000000542c      0x17c .pio/build/uno_r4_minima/libFrameworkArduino.a(IPAddress.cpp.o)
                0x000000000000542c                arduino::IPAddress::printTo(arduino::Print&) const
 .text._ZN7arduino9IPAddressC2ENS_6IPTypeE
                0x00000000000055a8       0x1c .pio/build/uno_r4_minima/libFrameworkArduino.a(IPAddress.cpp.o)
                0x00000000000055a8                arduino::IPAddress::IPAddress(arduino::IPType)
                0x00000000000055a8                arduino::IPAddress::IPAddress(arduino::IPType)
 .text._ZN7arduino9IPAddressC2Ehhhh
                0x00000000000055c4       0x30 .pio/build/uno_r4_minima/libFrameworkArduino.a(IPAddress.cpp.o)
                0x00000000000055c4                arduino::IPAddress::IPAddress(unsigned char, unsigned char, unsigned char, unsigned char)
                0x00000000000055c4                arduino::IPAddress::IPAddress(unsigned char, unsigned char, unsigned char, unsigned char)
 .text._ZN7arduino9IPAddress11fromString4EPKc
                0x00000000000055f4       0x70 .pio/build/uno_r4_minima/libFrameworkArduino.a(IPAddress.cpp.o)
                0x00000000000055f4                arduino::IPAddress::fromString4(char const*)
 .text._ZN7arduino9IPAddress11fromString6EPKc
                0x0000000000005664       0xfa .pio/build/uno_r4_minima/libFrameworkArduino.a(IPAddress.cpp.o)
                0x0000000000005664                arduino::IPAddress::fromString6(char const*)
 .text._ZN7arduino9IPAddress10fromStringEPKc
                0x000000000000575e       0x1a .pio/build/uno_r4_minima/libFrameworkArduino.a(IPAddress.cpp.o)
                0x000000000000575e                arduino::IPAddress::fromString(char const*)
 .text.startup._GLOBAL__sub_I__ZN7arduino9IPAddressC2Ev
                0x0000000000005778       0x28 .pio/build/uno_r4_minima/libFrameworkArduino.a(IPAddress.cpp.o)
 .text._ZN7arduino5Print5writeEPKhj
                0x00000000000057a0       0x2c .pio/build/uno_r4_minima/libFrameworkArduino.a(Print.cpp.o)
                0x00000000000057a0                arduino::Print::write(unsigned char const*, unsigned int)
 .text._ZN7arduino5Print5writeEPKc.part.2
                0x00000000000057cc       0x1e .pio/build/uno_r4_minima/libFrameworkArduino.a(Print.cpp.o)
 .text._ZN7arduino5Print5writeEPKc
                0x00000000000057ea        0xa .pio/build/uno_r4_minima/libFrameworkArduino.a(Print.cpp.o)
                0x00000000000057ea                arduino::Print::write(char const*)
 .text._ZN7arduino5Print5printEPKc
                0x00000000000057f4        0x8 .pio/build/uno_r4_minima/libFrameworkArduino.a(Print.cpp.o)
                0x00000000000057f4                arduino::Print::print(char const*)
 .text._ZN7arduino5Print5printEc
                0x00000000000057fc        0x8 .pio/build/uno_r4_minima/libFrameworkArduino.a(Print.cpp.o)
                0x00000000000057fc                arduino::Print::print(char)
 .text._ZN7arduino5Print5printERKNS_9PrintableE
                0x0000000000005804        0xc .pio/build/uno_r4_minima/libFrameworkArduino.a(Print.cpp.o)
                0x0000000000005804                arduino::Print::print(arduino::Printable const&)
 .text._ZN7arduino5Print7printlnEv
                0x0000000000005810        0xc .pio/build/uno_r4_minima/libFrameworkArduino.a(Print.cpp.o)
                0x0000000000005810                arduino::Print::println()
 .text._ZN7arduino5Print7printlnEPKc
                0x000000000000581c       0x14 .pio/build/uno_r4_minima/libFrameworkArduino.a(Print.cpp.o)
                0x000000000000581c                arduino::Print::println(char const*)
 .text._ZN7arduino5Print7printlnERKNS_9PrintableE
                0x0000000000005830       0x14 .pio/build/uno_r4_minima/libFrameworkArduino.a(Print.cpp.o)
                0x0000000000005830                arduino::Print::println(arduino::Printable const&)
 .text._ZN7arduino5Print11printNumberEmh
                0x0000000000005844       0x3c .pio/build/uno_r4_minima/libFrameworkArduino.a(Print.cpp.o)
                0x0000000000005844                arduino::Print::printNumber(unsigned long, unsigned char)
 .text._ZN7arduino5Print5printEli
                0x0000000000005880       0x44 .pio/build/uno_r4_minima/libFrameworkArduino.a(Print.cpp.o)
                0x0000000000005880                arduino::Print::print(long, int)
 .text._ZN7arduino5Print5printEii
                0x00000000000058c4        0x4 .pio/build/uno_r4_minima/libFrameworkArduino.a(Print.cpp.o)
                0x00000000000058c4                arduino::Print::print(int, int)
 .text._ZN7arduino5Print7printlnEii
                0x00000000000058c8       0x14 .pio/build/uno_r4_minima/libFrameworkArduino.a(Print.cpp.o)
                0x00000000000058c8                arduino::Print::println(int, int)
 .text._ZN7arduino5Print5printEmi
                0x00000000000058dc       0x1a .pio/build/uno_r4_minima/libFrameworkArduino.a(Print.cpp.o)
                0x00000000000058dc                arduino::Print::print(unsigned long, int)
 .text._ZN7arduino5Print5printEhi
                0x00000000000058f6        0x4 .pio/build/uno_r4_minima/libFrameworkArduino.a(Print.cpp.o)
                0x00000000000058f6                arduino::Print::print(unsigned char, int)
 .text._ZN7arduino5Print5printEji
                0x00000000000058fa        0x4 .pio/build/uno_r4_minima/libFrameworkArduino.a(Print.cpp.o)
                0x00000000000058fa                arduino::Print::print(unsigned int, int)
 *fill*         0x00000000000058fe        0x2 ff
 .text.R_BSP_PinAccessEnable
                0x0000000000005900       0x2c .pio/build/uno_r4_minima/libFrameworkArduino.a(main.cpp.o)
 .text.start_freertos_on_header_inclusion
                0x000000000000592c        0x2 .pio/build/uno_r4_minima/libFrameworkArduino.a(main.cpp.o)
                0x000000000000592c                start_freertos_on_header_inclusion
 .text.early_start_freertos_on_header_inclusion
                0x000000000000592e        0x2 .pio/build/uno_r4_minima/libFrameworkArduino.a(main.cpp.o)
                0x000000000000592e                early_start_freertos_on_header_inclusion
 .text._Z12arduino_mainv
                0x0000000000005930       0x94 .pio/build/uno_r4_minima/libFrameworkArduino.a(main.cpp.o)
                0x0000000000005930                arduino_main()
 .text._write   0x00000000000059c4        0xc .pio/build/uno_r4_minima/libFrameworkArduino.a(main.cpp.o)
                0x00000000000059c4                _write
 .text.hal_entry
                0x00000000000059d0        0x6 .pio/build/uno_r4_minima/libFrameworkArduino.a(main.cpp.o)
                0x00000000000059d0                hal_entry
 .text.atexit   0x00000000000059d6        0x4 .pio/build/uno_r4_minima/libFrameworkArduino.a(main.cpp.o)
                0x00000000000059d6                atexit
 *fill*         0x00000000000059da        0x2 ff
 .text._ZL21timer_micros_callbackP22st_timer_callback_args
                0x00000000000059dc       0x10 .pio/build/uno_r4_minima/libFrameworkArduino.a(time.cpp.o)
 .text.delayMicroseconds
                0x00000000000059ec        0x6 .pio/build/uno_r4_minima/libFrameworkArduino.a(time.cpp.o)
                0x00000000000059ec                delayMicroseconds
 .text.yield    0x00000000000059f2        0x2 .pio/build/uno_r4_minima/libFrameworkArduino.a(time.cpp.o)
                0x00000000000059f2                yield
 .text.delay    0x00000000000059f4       0x1c .pio/build/uno_r4_minima/libFrameworkArduino.a(time.cpp.o)
                0x00000000000059f4                delay
 .text._Z8startAgtv
                0x0000000000005a10       0x6c .pio/build/uno_r4_minima/libFrameworkArduino.a(time.cpp.o)
                0x0000000000005a10                startAgt()
 .text.millis   0x0000000000005a7c        0xc .pio/build/uno_r4_minima/libFrameworkArduino.a(time.cpp.o)
                0x0000000000005a7c                millis
 .text.startup._GLOBAL__sub_I_delayMicroseconds
                0x0000000000005a88        0xc .pio/build/uno_r4_minima/libFrameworkArduino.a(time.cpp.o)
 .text.exit._GLOBAL__sub_D_delayMicroseconds
                0x0000000000005a94        0xc .pio/build/uno_r4_minima/libFrameworkArduino.a(time.cpp.o)
 .text._Z10getPinCfgsh11PinCfgReq_t
                0x0000000000005aa0       0xe0 .pio/build/uno_r4_minima/libFrameworkArduino.a(variant_helper.cpp.o)
                0x0000000000005aa0                getPinCfgs(unsigned char, PinCfgReq_t)
 .text._ZN8FspTimerC2Ev
                0x0000000000005b80       0x18 .pio/build/uno_r4_minima/libFrameworkArduino.a(FspTimer.cpp.o)
                0x0000000000005b80                FspTimer::FspTimer()
                0x0000000000005b80                FspTimer::FspTimer()
 .text._ZN8FspTimer5beginE12e_timer_modehhmm18e_timer_source_divPFvP22st_timer_callback_argsEPv
                0x0000000000005b98      0x16c .pio/build/uno_r4_minima/libFrameworkArduino.a(FspTimer.cpp.o)
                0x0000000000005b98                FspTimer::begin(e_timer_mode, unsigned char, unsigned char, unsigned long, unsigned long, e_timer_source_div, void (*)(st_timer_callback_args*), void*)
 .text._ZN8FspTimer4openEv
                0x0000000000005d04       0x4e .pio/build/uno_r4_minima/libFrameworkArduino.a(FspTimer.cpp.o)
                0x0000000000005d04                FspTimer::open()
 .text._ZN8FspTimer5startEv
                0x0000000000005d52       0x2e .pio/build/uno_r4_minima/libFrameworkArduino.a(FspTimer.cpp.o)
                0x0000000000005d52                FspTimer::start()
 .text._ZN8FspTimer5closeEv
                0x0000000000005d80       0x2e .pio/build/uno_r4_minima/libFrameworkArduino.a(FspTimer.cpp.o)
                0x0000000000005d80                FspTimer::close()
 *fill*         0x0000000000005dae        0x2 ff
 .text._ZN8FspTimer3endEv
                0x0000000000005db0       0x48 .pio/build/uno_r4_minima/libFrameworkArduino.a(FspTimer.cpp.o)
                0x0000000000005db0                FspTimer::end()
 .text._ZN8FspTimerD2Ev
                0x0000000000005df8        0xc .pio/build/uno_r4_minima/libFrameworkArduino.a(FspTimer.cpp.o)
                0x0000000000005df8                FspTimer::~FspTimer()
                0x0000000000005df8                FspTimer::~FspTimer()
 .text._ZN8FspTimer15get_cfg_for_irqEv
                0x0000000000005e04       0x14 .pio/build/uno_r4_minima/libFrameworkArduino.a(FspTimer.cpp.o)
                0x0000000000005e04                FspTimer::get_cfg_for_irq()
 .text._ZN8FspTimer9is_openedEv
                0x0000000000005e18       0x18 .pio/build/uno_r4_minima/libFrameworkArduino.a(FspTimer.cpp.o)
                0x0000000000005e18                FspTimer::is_opened()
 .text._ZN8FspTimer18setup_overflow_irqEhPFvvE
                0x0000000000005e30       0x4e .pio/build/uno_r4_minima/libFrameworkArduino.a(FspTimer.cpp.o)
                0x0000000000005e30                FspTimer::setup_overflow_irq(unsigned char, void (*)())
 *fill*         0x0000000000005e7e        0x2 ff
 .text.__NVIC_SetPriority
                0x0000000000005e80       0x28 .pio/build/uno_r4_minima/libFrameworkArduino.a(IRQManager.cpp.o)
 .text.R_BSP_IrqEnable
                0x0000000000005ea8       0x34 .pio/build/uno_r4_minima/libFrameworkArduino.a(IRQManager.cpp.o)
 .text.R_BSP_IrqDisable
                0x0000000000005edc       0x24 .pio/build/uno_r4_minima/libFrameworkArduino.a(IRQManager.cpp.o)
 .text.__tcf_0  0x0000000000005f00        0x2 .pio/build/uno_r4_minima/libFrameworkArduino.a(IRQManager.cpp.o)
 *fill*         0x0000000000005f02        0x2 ff
 .text._ZN10IRQManager11getInstanceEv
                0x0000000000005f04       0x38 .pio/build/uno_r4_minima/libFrameworkArduino.a(IRQManager.cpp.o)
                0x0000000000005f04                IRQManager::getInstance()
 .text._ZN10IRQManager18set_ext_link_eventEii
                0x0000000000005f3c       0xc8 .pio/build/uno_r4_minima/libFrameworkArduino.a(IRQManager.cpp.o)
                0x0000000000005f3c                IRQManager::set_ext_link_event(int, int)
 .text._ZN10IRQManager23set_gpt_over_link_eventEii
                0x0000000000006004       0x70 .pio/build/uno_r4_minima/libFrameworkArduino.a(IRQManager.cpp.o)
                0x0000000000006004                IRQManager::set_gpt_over_link_event(int, int)
 .text._ZN10IRQManager18set_agt_link_eventEii
                0x0000000000006074       0x28 .pio/build/uno_r4_minima/libFrameworkArduino.a(IRQManager.cpp.o)
                0x0000000000006074                IRQManager::set_agt_link_event(int, int)
 .text._ZN10IRQManager16addTimerOverflowER5timerPFvvE
                0x000000000000609c       0x80 .pio/build/uno_r4_minima/libFrameworkArduino.a(IRQManager.cpp.o)
                0x000000000000609c                IRQManager::addTimerOverflow(timer&, void (*)())
 .text._ZN10IRQManager21set_iic_tx_link_eventEii
                0x000000000000611c       0x20 .pio/build/uno_r4_minima/libFrameworkArduino.a(IRQManager.cpp.o)
                0x000000000000611c                IRQManager::set_iic_tx_link_event(int, int)
 .text._ZN10IRQManager21set_iic_rx_link_eventEii
                0x000000000000613c       0x20 .pio/build/uno_r4_minima/libFrameworkArduino.a(IRQManager.cpp.o)
                0x000000000000613c                IRQManager::set_iic_rx_link_event(int, int)
 .text._ZN10IRQManager22set_iic_tei_link_eventEii
                0x000000000000615c       0x20 .pio/build/uno_r4_minima/libFrameworkArduino.a(IRQManager.cpp.o)
                0x000000000000615c                IRQManager::set_iic_tei_link_event(int, int)
 .text._ZN10IRQManager22set_iic_eri_link_eventEii
                0x000000000000617c       0x20 .pio/build/uno_r4_minima/libFrameworkArduino.a(IRQManager.cpp.o)
                0x000000000000617c                IRQManager::set_iic_eri_link_event(int, int)
 .text._ZN10IRQManager21set_sci_tx_link_eventEii
                0x000000000000619c       0x38 .pio/build/uno_r4_minima/libFrameworkArduino.a(IRQManager.cpp.o)
                0x000000000000619c                IRQManager::set_sci_tx_link_event(int, int)
 .text._ZN10IRQManager21set_sci_rx_link_eventEii
                0x00000000000061d4       0x38 .pio/build/uno_r4_minima/libFrameworkArduino.a(IRQManager.cpp.o)
                0x00000000000061d4                IRQManager::set_sci_rx_link_event(int, int)
 .text._ZN10IRQManager22set_sci_tei_link_eventEii
                0x000000000000620c       0x38 .pio/build/uno_r4_minima/libFrameworkArduino.a(IRQManager.cpp.o)
                0x000000000000620c                IRQManager::set_sci_tei_link_event(int, int)
 .text._ZN10IRQManager22set_sci_eri_link_eventEii
                0x0000000000006244       0x38 .pio/build/uno_r4_minima/libFrameworkArduino.a(IRQManager.cpp.o)
                0x0000000000006244                IRQManager::set_sci_eri_link_event(int, int)
 .text._ZN10IRQManager21set_spi_tx_link_eventEii
                0x000000000000627c       0x20 .pio/build/uno_r4_minima/libFrameworkArduino.a(IRQManager.cpp.o)
                0x000000000000627c                IRQManager::set_spi_tx_link_event(int, int)
 .text._ZN10IRQManager21set_spi_rx_link_eventEii
                0x000000000000629c       0x20 .pio/build/uno_r4_minima/libFrameworkArduino.a(IRQManager.cpp.o)
                0x000000000000629c                IRQManager::set_spi_rx_link_event(int, int)
 .text._ZN10IRQManager22set_spi_tei_link_eventEii
                0x00000000000062bc       0x20 .pio/build/uno_r4_minima/libFrameworkArduino.a(IRQManager.cpp.o)
                0x00000000000062bc                IRQManager::set_spi_tei_link_event(int, int)
 .text._ZN10IRQManager22set_spi_eri_link_eventEii
                0x00000000000062dc       0x20 .pio/build/uno_r4_minima/libFrameworkArduino.a(IRQManager.cpp.o)
                0x00000000000062dc                IRQManager::set_spi_eri_link_event(int, int)
 .text._ZN10IRQManager13addPeripheralE12Peripheral_tPv
                0x00000000000062fc      0x904 .pio/build/uno_r4_minima/libFrameworkArduino.a(IRQManager.cpp.o)
                0x00000000000062fc                IRQManager::addPeripheral(Peripheral_t, void*)
 .text._ZL13readAllGroupAP13ADC_Container
                0x0000000000006c00       0x2c .pio/build/uno_r4_minima/libFrameworkArduino.a(analog.cpp.o)
 .text._ZL11ADC_irq_cbkP20st_adc_callback_args
                0x0000000000006c2c       0x58 .pio/build/uno_r4_minima/libFrameworkArduino.a(analog.cpp.o)
 .text._ZL10adcConvertP13ADC_Containert
                0x0000000000006c84       0xa4 .pio/build/uno_r4_minima/libFrameworkArduino.a(analog.cpp.o)
 .text._ZL21get_ADC_container_ptrlRt.constprop.4
                0x0000000000006d28       0x38 .pio/build/uno_r4_minima/libFrameworkArduino.a(analog.cpp.o)
 .text._ZN13ADC_ContainerC2EhPFvP20st_adc_callback_argsEPv
                0x0000000000006d60       0x6e .pio/build/uno_r4_minima/libFrameworkArduino.a(analog.cpp.o)
                0x0000000000006d60                ADC_Container::ADC_Container(unsigned char, void (*)(st_adc_callback_args*), void*)
                0x0000000000006d60                ADC_Container::ADC_Container(unsigned char, void (*)(st_adc_callback_args*), void*)
 .text._ZN13ADC_ContainerD2Ev
                0x0000000000006dce       0x12 .pio/build/uno_r4_minima/libFrameworkArduino.a(analog.cpp.o)
                0x0000000000006dce                ADC_Container::~ADC_Container()
                0x0000000000006dce                ADC_Container::~ADC_Container()
 .text.analogRead
                0x0000000000006de0       0x3c .pio/build/uno_r4_minima/libFrameworkArduino.a(analog.cpp.o)
                0x0000000000006de0                analogRead
 .text.analogReference
                0x0000000000006e1c       0x5c .pio/build/uno_r4_minima/libFrameworkArduino.a(analog.cpp.o)
                0x0000000000006e1c                analogReference
 .text._Z15analogReferencev
                0x0000000000006e78      0x10c .pio/build/uno_r4_minima/libFrameworkArduino.a(analog.cpp.o)
                0x0000000000006e78                analogReference()
 .text._Z23__get_timer_for_channeli
                0x0000000000006f84       0x2c .pio/build/uno_r4_minima/libFrameworkArduino.a(analog.cpp.o)
                0x0000000000006f84                __get_timer_for_channel(int)
 .text.startup._GLOBAL__sub_I__ZN13ADC_ContainerC2EhPFvP20st_adc_callback_argsEPv
                0x0000000000006fb0       0x4c .pio/build/uno_r4_minima/libFrameworkArduino.a(analog.cpp.o)
 .text.exit._GLOBAL__sub_D__ZN13ADC_ContainerC2EhPFvP20st_adc_callback_argsEPv
                0x0000000000006ffc       0x1c .pio/build/uno_r4_minima/libFrameworkArduino.a(analog.cpp.o)
 .text._Z3maplllll
                0x0000000000007018       0x14 .pio/build/uno_r4_minima/libFrameworkArduino.a(Common.cpp.o)
                0x0000000000007018                map(long, long, long, long, long)
 .text.dump_stack
                0x000000000000702c       0x7c .pio/build/uno_r4_minima/libFrameworkArduino.a(cm_backtrace.c.o)
 .text.cm_backtrace_init
                0x00000000000070a8       0x74 .pio/build/uno_r4_minima/libFrameworkArduino.a(cm_backtrace.c.o)
                0x00000000000070a8                cm_backtrace_init
 .text.cm_backtrace_firmware_info
                0x000000000000711c       0x2c .pio/build/uno_r4_minima/libFrameworkArduino.a(cm_backtrace.c.o)
                0x000000000000711c                cm_backtrace_firmware_info
 .text.cm_backtrace_call_stack
                0x0000000000007148       0xe4 .pio/build/uno_r4_minima/libFrameworkArduino.a(cm_backtrace.c.o)
                0x0000000000007148                cm_backtrace_call_stack
 .text.print_call_stack
                0x000000000000722c       0x94 .pio/build/uno_r4_minima/libFrameworkArduino.a(cm_backtrace.c.o)
 .text.cm_backtrace_fault
                0x00000000000072c0      0x470 .pio/build/uno_r4_minima/libFrameworkArduino.a(cm_backtrace.c.o)
                0x00000000000072c0                cm_backtrace_fault
 .text.Stacktrace_Handler
                0x0000000000007730        0xa .pio/build/uno_r4_minima/libFrameworkArduino.a(cortex_handlers.c.o)
                0x0000000000007730                Stacktrace_Handler
 *fill*         0x000000000000773a        0x2 ff
 .text._ZN4CDacC2Eh
                0x000000000000773c       0x6c .pio/build/uno_r4_minima/libFrameworkArduino.a(dac.cpp.o)
                0x000000000000773c                CDac::CDac(unsigned char)
                0x000000000000773c                CDac::CDac(unsigned char)
 .text.startup._GLOBAL__sub_I__ZN4CDacC2Eh
                0x00000000000077a8        0xc .pio/build/uno_r4_minima/libFrameworkArduino.a(dac.cpp.o)
 .text._Z13pinPeripheral19e_bsp_io_port_pin_tm
                0x00000000000077b4       0x10 .pio/build/uno_r4_minima/libFrameworkArduino.a(pinDefinitions.cpp.o)
                0x00000000000077b4                pinPeripheral(e_bsp_io_port_pin_t, unsigned long)
 .text.r_spi_call_callback
                0x00000000000077c4       0x40 /home/strawmanbobi/.platformio/packages/framework-arduinorenesas-uno/variants/UNOWIFIR4/libs/libfsp.a(r_spi.o)
 .text.spi_rxi_isr
                0x0000000000007804       0x9c /home/strawmanbobi/.platformio/packages/framework-arduinorenesas-uno/variants/UNOWIFIR4/libs/libfsp.a(r_spi.o)
                0x0000000000007804                spi_rxi_isr
 .text.spi_txi_isr
                0x00000000000078a0       0xd8 /home/strawmanbobi/.platformio/packages/framework-arduinorenesas-uno/variants/UNOWIFIR4/libs/libfsp.a(r_spi.o)
                0x00000000000078a0                spi_txi_isr
 .text.spi_tei_isr
                0x0000000000007978       0xe0 /home/strawmanbobi/.platformio/packages/framework-arduinorenesas-uno/variants/UNOWIFIR4/libs/libfsp.a(r_spi.o)
                0x0000000000007978                spi_tei_isr
 .text.spi_eri_isr
                0x0000000000007a58       0xdc /home/strawmanbobi/.platformio/packages/framework-arduinorenesas-uno/variants/UNOWIFIR4/libs/libfsp.a(r_spi.o)
                0x0000000000007a58                spi_eri_isr
 .text.R_SCI_UART_Write
                0x0000000000007b34       0xb0 /home/strawmanbobi/.platformio/packages/framework-arduinorenesas-uno/variants/UNOWIFIR4/libs/libfsp.a(r_sci_uart.o)
                0x0000000000007b34                R_SCI_UART_Write
 .text.R_SCI_UART_BaudSet
                0x0000000000007be4       0x44 /home/strawmanbobi/.platformio/packages/framework-arduinorenesas-uno/variants/UNOWIFIR4/libs/libfsp.a(r_sci_uart.o)
                0x0000000000007be4                R_SCI_UART_BaudSet
 .text.R_SCI_UART_Close
                0x0000000000007c28       0xd8 /home/strawmanbobi/.platformio/packages/framework-arduinorenesas-uno/variants/UNOWIFIR4/libs/libfsp.a(r_sci_uart.o)
                0x0000000000007c28                R_SCI_UART_Close
 .text.r_sci_uart_call_callback
                0x0000000000007d00       0x44 /home/strawmanbobi/.platformio/packages/framework-arduinorenesas-uno/variants/UNOWIFIR4/libs/libfsp.a(r_sci_uart.o)
 .text.r_sci_uart_transfer_configure.isra.0
                0x0000000000007d44       0x38 /home/strawmanbobi/.platformio/packages/framework-arduinorenesas-uno/variants/UNOWIFIR4/libs/libfsp.a(r_sci_uart.o)
 .text.R_SCI_UART_Open
                0x0000000000007d7c      0x448 /home/strawmanbobi/.platformio/packages/framework-arduinorenesas-uno/variants/UNOWIFIR4/libs/libfsp.a(r_sci_uart.o)
                0x0000000000007d7c                R_SCI_UART_Open
 .text.R_SCI_UART_BaudCalculate
                0x00000000000081c4      0x184 /home/strawmanbobi/.platformio/packages/framework-arduinorenesas-uno/variants/UNOWIFIR4/libs/libfsp.a(r_sci_uart.o)
                0x00000000000081c4                R_SCI_UART_BaudCalculate
 .text.sci_uart_txi_isr
                0x0000000000008348       0xec /home/strawmanbobi/.platformio/packages/framework-arduinorenesas-uno/variants/UNOWIFIR4/libs/libfsp.a(r_sci_uart.o)
                0x0000000000008348                sci_uart_txi_isr
 .text.sci_uart_rxi_isr
                0x0000000000008434      0x184 /home/strawmanbobi/.platformio/packages/framework-arduinorenesas-uno/variants/UNOWIFIR4/libs/libfsp.a(r_sci_uart.o)
                0x0000000000008434                sci_uart_rxi_isr
 .text.sci_uart_tei_isr
                0x00000000000085b8       0x40 /home/strawmanbobi/.platformio/packages/framework-arduinorenesas-uno/variants/UNOWIFIR4/libs/libfsp.a(r_sci_uart.o)
                0x00000000000085b8                sci_uart_tei_isr
 .text.sci_uart_eri_isr
                0x00000000000085f8       0x78 /home/strawmanbobi/.platformio/packages/framework-arduinorenesas-uno/variants/UNOWIFIR4/libs/libfsp.a(r_sci_uart.o)
                0x00000000000085f8                sci_uart_eri_isr
 .text.r_sci_spi_call_callback
                0x0000000000008670       0x40 /home/strawmanbobi/.platformio/packages/framework-arduinorenesas-uno/variants/UNOWIFIR4/libs/libfsp.a(r_sci_spi.o)
 .text.sci_spi_txi_isr
                0x00000000000086b0       0x68 /home/strawmanbobi/.platformio/packages/framework-arduinorenesas-uno/variants/UNOWIFIR4/libs/libfsp.a(r_sci_spi.o)
                0x00000000000086b0                sci_spi_txi_isr
 .text.sci_spi_rxi_isr
                0x0000000000008718       0x74 /home/strawmanbobi/.platformio/packages/framework-arduinorenesas-uno/variants/UNOWIFIR4/libs/libfsp.a(r_sci_spi.o)
                0x0000000000008718                sci_spi_rxi_isr
 .text.sci_spi_tei_isr
                0x000000000000878c       0x3c /home/strawmanbobi/.platformio/packages/framework-arduinorenesas-uno/variants/UNOWIFIR4/libs/libfsp.a(r_sci_spi.o)
                0x000000000000878c                sci_spi_tei_isr
 .text.sci_spi_eri_isr
                0x00000000000087c8       0x44 /home/strawmanbobi/.platformio/packages/framework-arduinorenesas-uno/variants/UNOWIFIR4/libs/libfsp.a(r_sci_spi.o)
                0x00000000000087c8                sci_spi_eri_isr
 .text.sci_i2c_enable_transfer_support_tx
                0x000000000000880c       0x34 /home/strawmanbobi/.platformio/packages/framework-arduinorenesas-uno/variants/UNOWIFIR4/libs/libfsp.a(r_sci_i2c.o)
 .text.sci_i2c_notify
                0x0000000000008840       0x64 /home/strawmanbobi/.platformio/packages/framework-arduinorenesas-uno/variants/UNOWIFIR4/libs/libfsp.a(r_sci_i2c.o)
                0x0000000000008840                sci_i2c_notify
 .text.sci_i2c_rxi_isr
                0x00000000000088a4       0x20 /home/strawmanbobi/.platformio/packages/framework-arduinorenesas-uno/variants/UNOWIFIR4/libs/libfsp.a(r_sci_i2c.o)
                0x00000000000088a4                sci_i2c_rxi_isr
 .text.sci_i2c_txi_isr
                0x00000000000088c4      0x198 /home/strawmanbobi/.platformio/packages/framework-arduinorenesas-uno/variants/UNOWIFIR4/libs/libfsp.a(r_sci_i2c.o)
                0x00000000000088c4                sci_i2c_txi_isr
 .text.sci_i2c_tei_isr
                0x0000000000008a5c       0xf0 /home/strawmanbobi/.platformio/packages/framework-arduinorenesas-uno/variants/UNOWIFIR4/libs/libfsp.a(r_sci_i2c.o)
                0x0000000000008a5c                sci_i2c_tei_isr
 .text.rtc_alarm_periodic_isr
                0x0000000000008b4c       0x68 /home/strawmanbobi/.platformio/packages/framework-arduinorenesas-uno/variants/UNOWIFIR4/libs/libfsp.a(r_rtc.o)
                0x0000000000008b4c                rtc_alarm_periodic_isr
 .text.rtc_carry_isr
                0x0000000000008bb4       0x2c /home/strawmanbobi/.platformio/packages/framework-arduinorenesas-uno/variants/UNOWIFIR4/libs/libfsp.a(r_rtc.o)
                0x0000000000008bb4                rtc_carry_isr
 .text.R_IOPORT_PinWrite
                0x0000000000008be0       0x20 /home/strawmanbobi/.platformio/packages/framework-arduinorenesas-uno/variants/UNOWIFIR4/libs/libfsp.a(r_ioport.o)
                0x0000000000008be0                R_IOPORT_PinWrite
 .text.bsp_vbatt_init
                0x0000000000008c00       0xac /home/strawmanbobi/.platformio/packages/framework-arduinorenesas-uno/variants/UNOWIFIR4/libs/libfsp.a(r_ioport.o)
 .text.R_IOPORT_PinCfg
                0x0000000000008cac       0xa8 /home/strawmanbobi/.platformio/packages/framework-arduinorenesas-uno/variants/UNOWIFIR4/libs/libfsp.a(r_ioport.o)
                0x0000000000008cac                R_IOPORT_PinCfg
 .text.r_iic_slave_call_callback
                0x0000000000008d54       0x3c /home/strawmanbobi/.platformio/packages/framework-arduinorenesas-uno/variants/UNOWIFIR4/libs/libfsp.a(r_iic_slave.o)
 .text.iic_slave_initiate_transaction
                0x0000000000008d90       0x74 /home/strawmanbobi/.platformio/packages/framework-arduinorenesas-uno/variants/UNOWIFIR4/libs/libfsp.a(r_iic_slave.o)
 .text.iic_slave_rxi_isr
                0x0000000000008e04      0x12c /home/strawmanbobi/.platformio/packages/framework-arduinorenesas-uno/variants/UNOWIFIR4/libs/libfsp.a(r_iic_slave.o)
                0x0000000000008e04                iic_slave_rxi_isr
 .text.iic_slave_txi_isr
                0x0000000000008f30       0xa8 /home/strawmanbobi/.platformio/packages/framework-arduinorenesas-uno/variants/UNOWIFIR4/libs/libfsp.a(r_iic_slave.o)
                0x0000000000008f30                iic_slave_txi_isr
 .text.iic_slave_tei_isr
                0x0000000000008fd8       0x94 /home/strawmanbobi/.platformio/packages/framework-arduinorenesas-uno/variants/UNOWIFIR4/libs/libfsp.a(r_iic_slave.o)
                0x0000000000008fd8                iic_slave_tei_isr
 .text.iic_slave_eri_isr
                0x000000000000906c      0x10c /home/strawmanbobi/.platformio/packages/framework-arduinorenesas-uno/variants/UNOWIFIR4/libs/libfsp.a(r_iic_slave.o)
                0x000000000000906c                iic_slave_eri_isr
 .text.iic_master_notify
                0x0000000000009178       0x3c /home/strawmanbobi/.platformio/packages/framework-arduinorenesas-uno/variants/UNOWIFIR4/libs/libfsp.a(r_iic_master.o)
 .text.iic_master_open_hw_master
                0x00000000000091b4      0x184 /home/strawmanbobi/.platformio/packages/framework-arduinorenesas-uno/variants/UNOWIFIR4/libs/libfsp.a(r_iic_master.o)
 .text.iic_master_rxi_isr
                0x0000000000009338      0x13c /home/strawmanbobi/.platformio/packages/framework-arduinorenesas-uno/variants/UNOWIFIR4/libs/libfsp.a(r_iic_master.o)
                0x0000000000009338                iic_master_rxi_isr
 .text.iic_master_txi_isr
                0x0000000000009474       0xec /home/strawmanbobi/.platformio/packages/framework-arduinorenesas-uno/variants/UNOWIFIR4/libs/libfsp.a(r_iic_master.o)
                0x0000000000009474                iic_master_txi_isr
 .text.iic_master_tei_isr
                0x0000000000009560       0xc4 /home/strawmanbobi/.platformio/packages/framework-arduinorenesas-uno/variants/UNOWIFIR4/libs/libfsp.a(r_iic_master.o)
                0x0000000000009560                iic_master_tei_isr
 .text.iic_master_eri_isr
                0x0000000000009624      0x140 /home/strawmanbobi/.platformio/packages/framework-arduinorenesas-uno/variants/UNOWIFIR4/libs/libfsp.a(r_iic_master.o)
                0x0000000000009624                iic_master_eri_isr
 .text.r_icu_isr
                0x0000000000009764       0x6c /home/strawmanbobi/.platformio/packages/framework-arduinorenesas-uno/variants/UNOWIFIR4/libs/libfsp.a(r_icu.o)
                0x0000000000009764                r_icu_isr
 .text.R_GPT_Start
                0x00000000000097d0        0xc /home/strawmanbobi/.platformio/packages/framework-arduinorenesas-uno/variants/UNOWIFIR4/libs/libfsp.a(r_gpt.o)
                0x00000000000097d0                R_GPT_Start
 .text.R_GPT_Enable
                0x00000000000097dc       0x30 /home/strawmanbobi/.platformio/packages/framework-arduinorenesas-uno/variants/UNOWIFIR4/libs/libfsp.a(r_gpt.o)
                0x00000000000097dc                R_GPT_Enable
 .text.r_gpt_enable_irq
                0x000000000000980c       0x5c /home/strawmanbobi/.platformio/packages/framework-arduinorenesas-uno/variants/UNOWIFIR4/libs/libfsp.a(r_gpt.o)
 .text.r_gpt_call_callback
                0x0000000000009868       0x3c /home/strawmanbobi/.platformio/packages/framework-arduinorenesas-uno/variants/UNOWIFIR4/libs/libfsp.a(r_gpt.o)
 .text.gpt_calculate_duty_cycle.isra.0
                0x00000000000098a4       0x78 /home/strawmanbobi/.platformio/packages/framework-arduinorenesas-uno/variants/UNOWIFIR4/libs/libfsp.a(r_gpt.o)
 .text.R_GPT_Open
                0x000000000000991c      0x264 /home/strawmanbobi/.platformio/packages/framework-arduinorenesas-uno/variants/UNOWIFIR4/libs/libfsp.a(r_gpt.o)
                0x000000000000991c                R_GPT_Open
 .text.R_GPT_Close
                0x0000000000009b80       0xd4 /home/strawmanbobi/.platformio/packages/framework-arduinorenesas-uno/variants/UNOWIFIR4/libs/libfsp.a(r_gpt.o)
                0x0000000000009b80                R_GPT_Close
 .text.gpt_counter_overflow_isr
                0x0000000000009c54       0x78 /home/strawmanbobi/.platformio/packages/framework-arduinorenesas-uno/variants/UNOWIFIR4/libs/libfsp.a(r_gpt.o)
                0x0000000000009c54                gpt_counter_overflow_isr
 .text.R_DAC_Open
                0x0000000000009ccc       0x88 /home/strawmanbobi/.platformio/packages/framework-arduinorenesas-uno/variants/UNOWIFIR4/libs/libfsp.a(r_dac.o)
                0x0000000000009ccc                R_DAC_Open
 .text.R_DAC_Write
                0x0000000000009d54        0xc /home/strawmanbobi/.platformio/packages/framework-arduinorenesas-uno/variants/UNOWIFIR4/libs/libfsp.a(r_dac.o)
                0x0000000000009d54                R_DAC_Write
 .text.R_DAC_Start
                0x0000000000009d60       0x30 /home/strawmanbobi/.platformio/packages/framework-arduinorenesas-uno/variants/UNOWIFIR4/libs/libfsp.a(r_dac.o)
                0x0000000000009d60                R_DAC_Start
 .text.R_DAC_Stop
                0x0000000000009d90       0x34 /home/strawmanbobi/.platformio/packages/framework-arduinorenesas-uno/variants/UNOWIFIR4/libs/libfsp.a(r_dac.o)
                0x0000000000009d90                R_DAC_Stop
 .text.R_DAC_Close
                0x0000000000009dc4       0x40 /home/strawmanbobi/.platformio/packages/framework-arduinorenesas-uno/variants/UNOWIFIR4/libs/libfsp.a(r_dac.o)
                0x0000000000009dc4                R_DAC_Close
 .text.r_can_call_callback
                0x0000000000009e04       0x68 /home/strawmanbobi/.platformio/packages/framework-arduinorenesas-uno/variants/UNOWIFIR4/libs/libfsp.a(r_can.o)
 .text.can_error_isr
                0x0000000000009e6c       0xd4 /home/strawmanbobi/.platformio/packages/framework-arduinorenesas-uno/variants/UNOWIFIR4/libs/libfsp.a(r_can.o)
                0x0000000000009e6c                can_error_isr
 .text.can_rx_isr
                0x0000000000009f40      0x118 /home/strawmanbobi/.platformio/packages/framework-arduinorenesas-uno/variants/UNOWIFIR4/libs/libfsp.a(r_can.o)
                0x0000000000009f40                can_rx_isr
 .text.can_tx_isr
                0x000000000000a058       0xa0 /home/strawmanbobi/.platformio/packages/framework-arduinorenesas-uno/variants/UNOWIFIR4/libs/libfsp.a(r_can.o)
                0x000000000000a058                can_tx_isr
 .text.R_AGT_Start
                0x000000000000a0f8       0x38 /home/strawmanbobi/.platformio/packages/framework-arduinorenesas-uno/variants/UNOWIFIR4/libs/libfsp.a(r_agt.o)
                0x000000000000a0f8                R_AGT_Start
 .text.R_AGT_Enable
                0x000000000000a130       0x14 /home/strawmanbobi/.platformio/packages/framework-arduinorenesas-uno/variants/UNOWIFIR4/libs/libfsp.a(r_agt.o)
                0x000000000000a130                R_AGT_Enable
 .text.R_AGT_Close
                0x000000000000a144       0x84 /home/strawmanbobi/.platformio/packages/framework-arduinorenesas-uno/variants/UNOWIFIR4/libs/libfsp.a(r_agt.o)
                0x000000000000a144                R_AGT_Close
 .text.R_AGT_Open
                0x000000000000a1c8      0x118 /home/strawmanbobi/.platformio/packages/framework-arduinorenesas-uno/variants/UNOWIFIR4/libs/libfsp.a(r_agt.o)
                0x000000000000a1c8                R_AGT_Open
 .text.agt_int_isr
                0x000000000000a2e0       0x88 /home/strawmanbobi/.platformio/packages/framework-arduinorenesas-uno/variants/UNOWIFIR4/libs/libfsp.a(r_agt.o)
                0x000000000000a2e0                agt_int_isr
 .text.R_ADC_ScanStart
                0x000000000000a368        0xc /home/strawmanbobi/.platformio/packages/framework-arduinorenesas-uno/variants/UNOWIFIR4/libs/libfsp.a(r_adc.o)
                0x000000000000a368                R_ADC_ScanStart
 .text.R_ADC_StatusGet
                0x000000000000a374       0x10 /home/strawmanbobi/.platformio/packages/framework-arduinorenesas-uno/variants/UNOWIFIR4/libs/libfsp.a(r_adc.o)
                0x000000000000a374                R_ADC_StatusGet
 .text.R_ADC_Read
                0x000000000000a384       0x10 /home/strawmanbobi/.platformio/packages/framework-arduinorenesas-uno/variants/UNOWIFIR4/libs/libfsp.a(r_adc.o)
                0x000000000000a384                R_ADC_Read
 .text.R_ADC_ScanCfg
                0x000000000000a394      0x1a0 /home/strawmanbobi/.platformio/packages/framework-arduinorenesas-uno/variants/UNOWIFIR4/libs/libfsp.a(r_adc.o)
                0x000000000000a394                R_ADC_ScanCfg
 .text.R_ADC_Open
                0x000000000000a534      0x240 /home/strawmanbobi/.platformio/packages/framework-arduinorenesas-uno/variants/UNOWIFIR4/libs/libfsp.a(r_adc.o)
                0x000000000000a534                R_ADC_Open
 .text.R_ADC_Close
                0x000000000000a774       0xfc /home/strawmanbobi/.platformio/packages/framework-arduinorenesas-uno/variants/UNOWIFIR4/libs/libfsp.a(r_adc.o)
                0x000000000000a774                R_ADC_Close
 .text.bsp_prv_software_delay_loop
                0x000000000000a870        0xc /home/strawmanbobi/.platformio/packages/framework-arduinorenesas-uno/variants/UNOWIFIR4/libs/libfsp.a(bsp_delay.o)
                0x000000000000a870                bsp_prv_software_delay_loop
 .text.R_BSP_SoftwareDelay
                0x000000000000a87c       0x5c /home/strawmanbobi/.platformio/packages/framework-arduinorenesas-uno/variants/UNOWIFIR4/libs/libfsp.a(bsp_delay.o)
                0x000000000000a87c                R_BSP_SoftwareDelay
 .text.bsp_irq_cfg
                0x000000000000a8d8       0x2c /home/strawmanbobi/.platformio/packages/framework-arduinorenesas-uno/variants/UNOWIFIR4/libs/libfsp.a(bsp_irq.o)
                0x000000000000a8d8                bsp_irq_cfg
 .text.R_BSP_RegisterProtectEnable
                0x000000000000a904       0x60 /home/strawmanbobi/.platformio/packages/framework-arduinorenesas-uno/variants/UNOWIFIR4/libs/libfsp.a(bsp_register_protection.o)
                0x000000000000a904                R_BSP_RegisterProtectEnable
 .text.R_BSP_RegisterProtectDisable
                0x000000000000a964       0x54 /home/strawmanbobi/.platformio/packages/framework-arduinorenesas-uno/variants/UNOWIFIR4/libs/libfsp.a(bsp_register_protection.o)
                0x000000000000a964                R_BSP_RegisterProtectDisable
 .text.Default_Handler
                0x000000000000a9b8        0x4 /home/strawmanbobi/.platformio/packages/framework-arduinorenesas-uno/variants/UNOWIFIR4/libs/libfsp.a(startup.o)
                0x000000000000a9b8                DebugMon_Handler
                0x000000000000a9b8                HardFault_Handler
                0x000000000000a9b8                SysTick_Handler
                0x000000000000a9b8                PendSV_Handler
                0x000000000000a9b8                UsageFault_Handler
                0x000000000000a9b8                SecureFault_Handler
                0x000000000000a9b8                Default_Handler
                0x000000000000a9b8                MemManage_Handler
                0x000000000000a9b8                SVC_Handler
                0x000000000000a9b8                BusFault_Handler
 .text.Reset_Handler
                0x000000000000a9bc        0xc /home/strawmanbobi/.platformio/packages/framework-arduinorenesas-uno/variants/UNOWIFIR4/libs/libfsp.a(startup.o)
                0x000000000000a9bc                Reset_Handler
 .text.R_BSP_WarmStart
                0x000000000000a9c8        0x4 /home/strawmanbobi/.platformio/packages/framework-arduinorenesas-uno/variants/UNOWIFIR4/libs/libfsp.a(system.o)
                0x000000000000a9c8                R_BSP_WarmStart
 .text.SystemInit
                0x000000000000a9cc      0x15c /home/strawmanbobi/.platformio/packages/framework-arduinorenesas-uno/variants/UNOWIFIR4/libs/libfsp.a(system.o)
                0x000000000000a9cc                SystemInit
 .text.SystemCoreClockUpdate
                0x000000000000ab28       0x28 /home/strawmanbobi/.platformio/packages/framework-arduinorenesas-uno/variants/UNOWIFIR4/libs/libfsp.a(bsp_clocks.o)
                0x000000000000ab28                SystemCoreClockUpdate
 .text.bsp_clock_init
                0x000000000000ab50      0x12c /home/strawmanbobi/.platformio/packages/framework-arduinorenesas-uno/variants/UNOWIFIR4/libs/libfsp.a(bsp_clocks.o)
                0x000000000000ab50                bsp_clock_init
 .text.bsp_init_internal
                0x000000000000ac7c        0x4 /home/strawmanbobi/.platformio/packages/framework-arduinorenesas-uno/variants/UNOWIFIR4/libs/libfsp.a(bsp_common.o)
                0x000000000000ac7c                bsp_init
                0x000000000000ac7c                bsp_init_internal
 .text.NMI_Handler
                0x000000000000ac80       0x38 /home/strawmanbobi/.platformio/packages/framework-arduinorenesas-uno/variants/UNOWIFIR4/libs/libfsp.a(bsp_group_irq.o)
                0x000000000000ac80                NMI_Handler
 .text._Znwj    0x000000000000acb8       0x22 /home/strawmanbobi/.platformio/packages/toolchain-gccarmnoneeabi/bin/../lib/gcc/arm-none-eabi/7.2.1/../../../../arm-none-eabi/lib/thumb/v7e-m/fpv4-sp/hard/libstdc++_nano.a(new_op.o)
                0x000000000000acb8                operator new(unsigned int)
 .text.__cxa_guard_acquire
                0x000000000000acda       0x18 /home/strawmanbobi/.platformio/packages/toolchain-gccarmnoneeabi/bin/../lib/gcc/arm-none-eabi/7.2.1/../../../../arm-none-eabi/lib/thumb/v7e-m/fpv4-sp/hard/libstdc++_nano.a(guard.o)
                0x000000000000acda                __cxa_guard_acquire
 .text.__cxa_guard_release
                0x000000000000acf2        0x6 /home/strawmanbobi/.platformio/packages/toolchain-gccarmnoneeabi/bin/../lib/gcc/arm-none-eabi/7.2.1/../../../../arm-none-eabi/lib/thumb/v7e-m/fpv4-sp/hard/libstdc++_nano.a(guard.o)
                0x000000000000acf2                __cxa_guard_release
 .text._ZdlPv   0x000000000000acf8        0x4 /home/strawmanbobi/.platformio/packages/toolchain-gccarmnoneeabi/bin/../lib/gcc/arm-none-eabi/7.2.1/../../../../arm-none-eabi/lib/thumb/v7e-m/fpv4-sp/hard/libstdc++_nano.a(del_op.o)
                0x000000000000acf8                operator delete(void*)
 .text._ZSt15get_new_handlerv
                0x000000000000acfc       0x10 /home/strawmanbobi/.platformio/packages/toolchain-gccarmnoneeabi/bin/../lib/gcc/arm-none-eabi/7.2.1/../../../../arm-none-eabi/lib/thumb/v7e-m/fpv4-sp/hard/libstdc++_nano.a(new_handler.o)
                0x000000000000acfc                std::get_new_handler()
 .text._ZdlPvj  0x000000000000ad0c        0x4 /home/strawmanbobi/.platformio/packages/toolchain-gccarmnoneeabi/bin/../lib/gcc/arm-none-eabi/7.2.1/../../../../arm-none-eabi/lib/thumb/v7e-m/fpv4-sp/hard/libstdc++_nano.a(del_ops.o)
                0x000000000000ad0c                operator delete(void*, unsigned int)
 .text._ZSt19__throw_logic_errorPKc
                0x000000000000ad10        0x6 /home/strawmanbobi/.platformio/packages/toolchain-gccarmnoneeabi/bin/../lib/gcc/arm-none-eabi/7.2.1/../../../../arm-none-eabi/lib/thumb/v7e-m/fpv4-sp/hard/libstdc++_nano.a(functexcept.o)
                0x000000000000ad10                std::__throw_logic_error(char const*)
 .text._ZSt20__throw_length_errorPKc
                0x000000000000ad16        0x6 /home/strawmanbobi/.platformio/packages/toolchain-gccarmnoneeabi/bin/../lib/gcc/arm-none-eabi/7.2.1/../../../../arm-none-eabi/lib/thumb/v7e-m/fpv4-sp/hard/libstdc++_nano.a(functexcept.o)
                0x000000000000ad16                std::__throw_length_error(char const*)
 .text          0x000000000000ad1c      0x378 /home/strawmanbobi/.platformio/packages/toolchain-gccarmnoneeabi/bin/../lib/gcc/arm-none-eabi/7.2.1/thumb/v7e-m/fpv4-sp/hard/libgcc.a(_arm_addsubdf3.o)
                0x000000000000ad1c                __aeabi_drsub
                0x000000000000ad24                __aeabi_dsub
                0x000000000000ad24                __subdf3
                0x000000000000ad28                __adddf3
                0x000000000000ad28                __aeabi_dadd
                0x000000000000afa0                __aeabi_ui2d
                0x000000000000afa0                __floatunsidf
                0x000000000000afc0                __floatsidf
                0x000000000000afc0                __aeabi_i2d
                0x000000000000afe4                __extendsfdf2
                0x000000000000afe4                __aeabi_f2d
                0x000000000000b028                __aeabi_ul2d
                0x000000000000b028                __floatundidf
                0x000000000000b038                __floatdidf
                0x000000000000b038                __aeabi_l2d
 .text          0x000000000000b094      0x424 /home/strawmanbobi/.platformio/packages/toolchain-gccarmnoneeabi/bin/../lib/gcc/arm-none-eabi/7.2.1/thumb/v7e-m/fpv4-sp/hard/libgcc.a(_arm_muldivdf3.o)
                0x000000000000b094                __aeabi_dmul
                0x000000000000b094                __muldf3
                0x000000000000b2e8                __aeabi_ddiv
                0x000000000000b2e8                __divdf3
 .text          0x000000000000b4b8      0x110 /home/strawmanbobi/.platformio/packages/toolchain-gccarmnoneeabi/bin/../lib/gcc/arm-none-eabi/7.2.1/thumb/v7e-m/fpv4-sp/hard/libgcc.a(_arm_cmpdf2.o)
                0x000000000000b4b8                __gtdf2
                0x000000000000b4b8                __gedf2
                0x000000000000b4c0                __ltdf2
                0x000000000000b4c0                __ledf2
                0x000000000000b4c8                __cmpdf2
                0x000000000000b4c8                __eqdf2
                0x000000000000b4c8                __nedf2
                0x000000000000b544                __aeabi_cdrcmple
                0x000000000000b554                __aeabi_cdcmple
                0x000000000000b554                __aeabi_cdcmpeq
                0x000000000000b564                __aeabi_dcmpeq
                0x000000000000b578                __aeabi_dcmplt
                0x000000000000b58c                __aeabi_dcmple
                0x000000000000b5a0                __aeabi_dcmpge
                0x000000000000b5b4                __aeabi_dcmpgt
 .text          0x000000000000b5c8       0x2c /home/strawmanbobi/.platformio/packages/toolchain-gccarmnoneeabi/bin/../lib/gcc/arm-none-eabi/7.2.1/thumb/v7e-m/fpv4-sp/hard/libgcc.a(_arm_unorddf2.o)
                0x000000000000b5c8                __aeabi_dcmpun
                0x000000000000b5c8                __unorddf2
 .text          0x000000000000b5f4       0xa0 /home/strawmanbobi/.platformio/packages/toolchain-gccarmnoneeabi/bin/../lib/gcc/arm-none-eabi/7.2.1/thumb/v7e-m/fpv4-sp/hard/libgcc.a(_arm_truncdfsf2.o)
                0x000000000000b5f4                __aeabi_d2f
                0x000000000000b5f4                __truncdfsf2
 .text          0x000000000000b694       0xa0 /home/strawmanbobi/.platformio/packages/toolchain-gccarmnoneeabi/bin/../lib/gcc/arm-none-eabi/7.2.1/thumb/v7e-m/fpv4-sp/hard/libgcc.a(_aeabi_ldivmod.o)
                0x000000000000b694                __aeabi_ldivmod
 .text          0x000000000000b734      0x2cc /home/strawmanbobi/.platformio/packages/toolchain-gccarmnoneeabi/bin/../lib/gcc/arm-none-eabi/7.2.1/thumb/v7e-m/fpv4-sp/hard/libgcc.a(_udivmoddi4.o)
                0x000000000000b734                __udivmoddi4
 .text          0x000000000000ba00        0x4 /home/strawmanbobi/.platformio/packages/toolchain-gccarmnoneeabi/bin/../lib/gcc/arm-none-eabi/7.2.1/thumb/v7e-m/fpv4-sp/hard/libgcc.a(_dvmd_tls.o)
                0x000000000000ba00                __aeabi_ldiv0
                0x000000000000ba00                __aeabi_idiv0
 .text.PINCOUNT_fn
                0x000000000000ba04        0x4 .pio/build/uno_r4_minima/libFrameworkArduinoVariant.a(variant.cpp.o)
                0x000000000000ba04                PINCOUNT_fn
 .text._Z17__maybe_start_usbv
                0x000000000000ba08        0x2 .pio/build/uno_r4_minima/libFrameworkArduinoVariant.a(variant.cpp.o)
                0x000000000000ba08                __maybe_start_usb()
 *fill*         0x000000000000ba0a        0x2 ff
 .text.initVariant
                0x000000000000ba0c       0x9c .pio/build/uno_r4_minima/libFrameworkArduinoVariant.a(variant.cpp.o)
                0x000000000000ba0c                initVariant
 .text.pinMode  0x000000000000baa8       0x30 .pio/build/uno_r4_minima/libFrameworkArduino.a(digital.cpp.o)
                0x000000000000baa8                pinMode
 .text.digitalWrite
                0x000000000000bad8       0x18 .pio/build/uno_r4_minima/libFrameworkArduino.a(digital.cpp.o)
                0x000000000000bad8                digitalWrite
 .text.abort    0x000000000000baf0        0xe /home/strawmanbobi/.platformio/packages/toolchain-gccarmnoneeabi/bin/../lib/gcc/arm-none-eabi/7.2.1/../../../../arm-none-eabi/lib/thumb/v7e-m/fpv4-sp/hard/libc_nano.a(lib_a-abort.o)
                0x000000000000baf0                abort
 .text.atoi     0x000000000000bafe        0x8 /home/strawmanbobi/.platformio/packages/toolchain-gccarmnoneeabi/bin/../lib/gcc/arm-none-eabi/7.2.1/../../../../arm-none-eabi/lib/thumb/v7e-m/fpv4-sp/hard/libc_nano.a(lib_a-atoi.o)
                0x000000000000bafe                atoi
 .text.isalnum  0x000000000000bb06       0x12 /home/strawmanbobi/.platformio/packages/toolchain-gccarmnoneeabi/bin/../lib/gcc/arm-none-eabi/7.2.1/../../../../arm-none-eabi/lib/thumb/v7e-m/fpv4-sp/hard/libc_nano.a(lib_a-isalnum.o)
                0x000000000000bb06                isalnum
 .text.__locale_ctype_ptr_l
                0x000000000000bb18        0x6 /home/strawmanbobi/.platformio/packages/toolchain-gccarmnoneeabi/bin/../lib/gcc/arm-none-eabi/7.2.1/../../../../arm-none-eabi/lib/thumb/v7e-m/fpv4-sp/hard/libc_nano.a(lib_a-locale.o)
                0x000000000000bb18                __locale_ctype_ptr_l
 *fill*         0x000000000000bb1e        0x2 ff
 .text.__locale_ctype_ptr
                0x000000000000bb20       0x1c /home/strawmanbobi/.platformio/packages/toolchain-gccarmnoneeabi/bin/../lib/gcc/arm-none-eabi/7.2.1/../../../../arm-none-eabi/lib/thumb/v7e-m/fpv4-sp/hard/libc_nano.a(lib_a-locale.o)
                0x000000000000bb20                __locale_ctype_ptr
 .text.malloc   0x000000000000bb3c       0x10 /home/strawmanbobi/.platformio/packages/toolchain-gccarmnoneeabi/bin/../lib/gcc/arm-none-eabi/7.2.1/../../../../arm-none-eabi/lib/thumb/v7e-m/fpv4-sp/hard/libc_nano.a(lib_a-malloc.o)
                0x000000000000bb3c                malloc
 .text.free     0x000000000000bb4c       0x10 /home/strawmanbobi/.platformio/packages/toolchain-gccarmnoneeabi/bin/../lib/gcc/arm-none-eabi/7.2.1/../../../../arm-none-eabi/lib/thumb/v7e-m/fpv4-sp/hard/libc_nano.a(lib_a-malloc.o)
                0x000000000000bb4c                free
 .text.__ascii_mbtowc
                0x000000000000bb5c       0x24 /home/strawmanbobi/.platformio/packages/toolchain-gccarmnoneeabi/bin/../lib/gcc/arm-none-eabi/7.2.1/../../../../arm-none-eabi/lib/thumb/v7e-m/fpv4-sp/hard/libc_nano.a(lib_a-mbtowc_r.o)
                0x000000000000bb5c                __ascii_mbtowc
 .text.memcmp   0x000000000000bb80       0x1e /home/strawmanbobi/.platformio/packages/toolchain-gccarmnoneeabi/bin/../lib/gcc/arm-none-eabi/7.2.1/../../../../arm-none-eabi/lib/thumb/v7e-m/fpv4-sp/hard/libc_nano.a(lib_a-memcmp.o)
                0x000000000000bb80                memcmp
 .text.memcpy   0x000000000000bb9e       0x16 /home/strawmanbobi/.platformio/packages/toolchain-gccarmnoneeabi/bin/../lib/gcc/arm-none-eabi/7.2.1/../../../../arm-none-eabi/lib/thumb/v7e-m/fpv4-sp/hard/libc_nano.a(lib_a-memcpy-stub.o)
                0x000000000000bb9e                memcpy
 .text.memmove  0x000000000000bbb4       0x32 /home/strawmanbobi/.platformio/packages/toolchain-gccarmnoneeabi/bin/../lib/gcc/arm-none-eabi/7.2.1/../../../../arm-none-eabi/lib/thumb/v7e-m/fpv4-sp/hard/libc_nano.a(lib_a-memmove.o)
                0x000000000000bbb4                memmove
 .text.memset   0x000000000000bbe6       0x10 /home/strawmanbobi/.platformio/packages/toolchain-gccarmnoneeabi/bin/../lib/gcc/arm-none-eabi/7.2.1/../../../../arm-none-eabi/lib/thumb/v7e-m/fpv4-sp/hard/libc_nano.a(lib_a-memset.o)
                0x000000000000bbe6                memset
 *fill*         0x000000000000bbf6        0x2 ff
 .text._free_r  0x000000000000bbf8       0x9c /home/strawmanbobi/.platformio/packages/toolchain-gccarmnoneeabi/bin/../lib/gcc/arm-none-eabi/7.2.1/../../../../arm-none-eabi/lib/thumb/v7e-m/fpv4-sp/hard/libc_nano.a(lib_a-nano-freer.o)
                0x000000000000bbf8                _free_r
 .text._malloc_r
                0x000000000000bc94       0xb4 /home/strawmanbobi/.platformio/packages/toolchain-gccarmnoneeabi/bin/../lib/gcc/arm-none-eabi/7.2.1/../../../../arm-none-eabi/lib/thumb/v7e-m/fpv4-sp/hard/libc_nano.a(lib_a-nano-mallocr.o)
                0x000000000000bc94                _malloc_r
 .text.__cvt    0x000000000000bd48       0xc2 /home/strawmanbobi/.platformio/packages/toolchain-gccarmnoneeabi/bin/../lib/gcc/arm-none-eabi/7.2.1/../../../../arm-none-eabi/lib/thumb/v7e-m/fpv4-sp/hard/libc_nano.a(lib_a-nano-vfprintf_float.o)
                0x000000000000bd48                __cvt
 .text.__exponent
                0x000000000000be0a       0x66 /home/strawmanbobi/.platformio/packages/toolchain-gccarmnoneeabi/bin/../lib/gcc/arm-none-eabi/7.2.1/../../../../arm-none-eabi/lib/thumb/v7e-m/fpv4-sp/hard/libc_nano.a(lib_a-nano-vfprintf_float.o)
                0x000000000000be0a                __exponent
 .text._printf_float
                0x000000000000be70      0x480 /home/strawmanbobi/.platformio/packages/toolchain-gccarmnoneeabi/bin/../lib/gcc/arm-none-eabi/7.2.1/../../../../arm-none-eabi/lib/thumb/v7e-m/fpv4-sp/hard/libc_nano.a(lib_a-nano-vfprintf_float.o)
                0x000000000000be70                _printf_float
 .text._printf_common
                0x000000000000c2f0       0xea /home/strawmanbobi/.platformio/packages/toolchain-gccarmnoneeabi/bin/../lib/gcc/arm-none-eabi/7.2.1/../../../../arm-none-eabi/lib/thumb/v7e-m/fpv4-sp/hard/libc_nano.a(lib_a-nano-vfprintf_i.o)
                0x000000000000c2f0                _printf_common
 *fill*         0x000000000000c3da        0x2 ff
 .text._printf_i
                0x000000000000c3dc      0x224 /home/strawmanbobi/.platformio/packages/toolchain-gccarmnoneeabi/bin/../lib/gcc/arm-none-eabi/7.2.1/../../../../arm-none-eabi/lib/thumb/v7e-m/fpv4-sp/hard/libc_nano.a(lib_a-nano-vfprintf_i.o)
                0x000000000000c3dc                _printf_i
 .text.printf   0x000000000000c600       0x30 /home/strawmanbobi/.platformio/packages/toolchain-gccarmnoneeabi/bin/../lib/gcc/arm-none-eabi/7.2.1/../../../../arm-none-eabi/lib/thumb/v7e-m/fpv4-sp/hard/libc_nano.a(lib_a-printf.o)
                0x000000000000c600                printf
                0x000000000000c600                iprintf
 .text._sbrk_r  0x000000000000c630       0x20 /home/strawmanbobi/.platformio/packages/toolchain-gccarmnoneeabi/bin/../lib/gcc/arm-none-eabi/7.2.1/../../../../arm-none-eabi/lib/thumb/v7e-m/fpv4-sp/hard/libc_nano.a(lib_a-sbrkr.o)
                0x000000000000c630                _sbrk_r
 .text._raise_r
                0x000000000000c650       0x50 /home/strawmanbobi/.platformio/packages/toolchain-gccarmnoneeabi/bin/../lib/gcc/arm-none-eabi/7.2.1/../../../../arm-none-eabi/lib/thumb/v7e-m/fpv4-sp/hard/libc_nano.a(lib_a-signal.o)
                0x000000000000c650                _raise_r
 .text.raise    0x000000000000c6a0       0x10 /home/strawmanbobi/.platformio/packages/toolchain-gccarmnoneeabi/bin/../lib/gcc/arm-none-eabi/7.2.1/../../../../arm-none-eabi/lib/thumb/v7e-m/fpv4-sp/hard/libc_nano.a(lib_a-signal.o)
                0x000000000000c6a0                raise
 .text._kill_r  0x000000000000c6b0       0x24 /home/strawmanbobi/.platformio/packages/toolchain-gccarmnoneeabi/bin/../lib/gcc/arm-none-eabi/7.2.1/../../../../arm-none-eabi/lib/thumb/v7e-m/fpv4-sp/hard/libc_nano.a(lib_a-signalr.o)
                0x000000000000c6b0                _kill_r
 .text._getpid_r
                0x000000000000c6d4        0x4 /home/strawmanbobi/.platformio/packages/toolchain-gccarmnoneeabi/bin/../lib/gcc/arm-none-eabi/7.2.1/../../../../arm-none-eabi/lib/thumb/v7e-m/fpv4-sp/hard/libc_nano.a(lib_a-signalr.o)
                0x000000000000c6d4                _getpid_r
 .text.sprintf  0x000000000000c6d8       0x40 /home/strawmanbobi/.platformio/packages/toolchain-gccarmnoneeabi/bin/../lib/gcc/arm-none-eabi/7.2.1/../../../../arm-none-eabi/lib/thumb/v7e-m/fpv4-sp/hard/libc_nano.a(lib_a-sprintf.o)
                0x000000000000c6d8                sprintf
                0x000000000000c6d8                siprintf
 .text          0x000000000000c718       0x10 /home/strawmanbobi/.platformio/packages/toolchain-gccarmnoneeabi/bin/../lib/gcc/arm-none-eabi/7.2.1/../../../../arm-none-eabi/lib/thumb/v7e-m/fpv4-sp/hard/libc_nano.a(lib_a-strlen.o)
                0x000000000000c718                strlen
 .text._strtol_l.isra.0
                0x000000000000c728       0xf6 /home/strawmanbobi/.platformio/packages/toolchain-gccarmnoneeabi/bin/../lib/gcc/arm-none-eabi/7.2.1/../../../../arm-none-eabi/lib/thumb/v7e-m/fpv4-sp/hard/libc_nano.a(lib_a-strtol.o)
 *fill*         0x000000000000c81e        0x2 ff
 .text.strtol   0x000000000000c820       0x2c /home/strawmanbobi/.platformio/packages/toolchain-gccarmnoneeabi/bin/../lib/gcc/arm-none-eabi/7.2.1/../../../../arm-none-eabi/lib/thumb/v7e-m/fpv4-sp/hard/libc_nano.a(lib_a-strtol.o)
                0x000000000000c820                strtol
 .text.tolower  0x000000000000c84c       0x1a /home/strawmanbobi/.platformio/packages/toolchain-gccarmnoneeabi/bin/../lib/gcc/arm-none-eabi/7.2.1/../../../../arm-none-eabi/lib/thumb/v7e-m/fpv4-sp/hard/libc_nano.a(lib_a-tolower.o)
                0x000000000000c84c                tolower
 .text._vsnprintf_r
                0x000000000000c866       0x58 /home/strawmanbobi/.platformio/packages/toolchain-gccarmnoneeabi/bin/../lib/gcc/arm-none-eabi/7.2.1/../../../../arm-none-eabi/lib/thumb/v7e-m/fpv4-sp/hard/libc_nano.a(lib_a-vsnprintf.o)
                0x000000000000c866                _vsnprintf_r
                0x000000000000c866                _vsniprintf_r
 *fill*         0x000000000000c8be        0x2 ff
 .text.vsnprintf
                0x000000000000c8c0       0x1c /home/strawmanbobi/.platformio/packages/toolchain-gccarmnoneeabi/bin/../lib/gcc/arm-none-eabi/7.2.1/../../../../arm-none-eabi/lib/thumb/v7e-m/fpv4-sp/hard/libc_nano.a(lib_a-vsnprintf.o)
                0x000000000000c8c0                vsnprintf
                0x000000000000c8c0                vsniprintf
 .text.__ascii_wctomb
                0x000000000000c8dc       0x1a /home/strawmanbobi/.platformio/packages/toolchain-gccarmnoneeabi/bin/../lib/gcc/arm-none-eabi/7.2.1/../../../../arm-none-eabi/lib/thumb/v7e-m/fpv4-sp/hard/libc_nano.a(lib_a-wctomb_r.o)
                0x000000000000c8dc                __ascii_wctomb
 .text.quorem   0x000000000000c8f6      0x118 /home/strawmanbobi/.platformio/packages/toolchain-gccarmnoneeabi/bin/../lib/gcc/arm-none-eabi/7.2.1/../../../../arm-none-eabi/lib/thumb/v7e-m/fpv4-sp/hard/libc_nano.a(lib_a-dtoa.o)
 *fill*         0x000000000000ca0e        0x2 ff
 .text._dtoa_r  0x000000000000ca10      0xb70 /home/strawmanbobi/.platformio/packages/toolchain-gccarmnoneeabi/bin/../lib/gcc/arm-none-eabi/7.2.1/../../../../arm-none-eabi/lib/thumb/v7e-m/fpv4-sp/hard/libc_nano.a(lib_a-dtoa.o)
                0x000000000000ca10                _dtoa_r
 .text.std      0x000000000000d580       0x48 /home/strawmanbobi/.platformio/packages/toolchain-gccarmnoneeabi/bin/../lib/gcc/arm-none-eabi/7.2.1/../../../../arm-none-eabi/lib/thumb/v7e-m/fpv4-sp/hard/libc_nano.a(lib_a-findfp.o)
 .text._cleanup_r
                0x000000000000d5c8        0xc /home/strawmanbobi/.platformio/packages/toolchain-gccarmnoneeabi/bin/../lib/gcc/arm-none-eabi/7.2.1/../../../../arm-none-eabi/lib/thumb/v7e-m/fpv4-sp/hard/libc_nano.a(lib_a-findfp.o)
                0x000000000000d5c8                _cleanup_r
 .text.__sfmoreglue
                0x000000000000d5d4       0x2c /home/strawmanbobi/.platformio/packages/toolchain-gccarmnoneeabi/bin/../lib/gcc/arm-none-eabi/7.2.1/../../../../arm-none-eabi/lib/thumb/v7e-m/fpv4-sp/hard/libc_nano.a(lib_a-findfp.o)
                0x000000000000d5d4                __sfmoreglue
 .text.__sinit  0x000000000000d600       0x60 /home/strawmanbobi/.platformio/packages/toolchain-gccarmnoneeabi/bin/../lib/gcc/arm-none-eabi/7.2.1/../../../../arm-none-eabi/lib/thumb/v7e-m/fpv4-sp/hard/libc_nano.a(lib_a-findfp.o)
                0x000000000000d600                __sinit
 .text.__sfp    0x000000000000d660       0x78 /home/strawmanbobi/.platformio/packages/toolchain-gccarmnoneeabi/bin/../lib/gcc/arm-none-eabi/7.2.1/../../../../arm-none-eabi/lib/thumb/v7e-m/fpv4-sp/hard/libc_nano.a(lib_a-findfp.o)
                0x000000000000d660                __sfp
 .text._fwalk_reent
                0x000000000000d6d8       0x3c /home/strawmanbobi/.platformio/packages/toolchain-gccarmnoneeabi/bin/../lib/gcc/arm-none-eabi/7.2.1/../../../../arm-none-eabi/lib/thumb/v7e-m/fpv4-sp/hard/libc_nano.a(lib_a-fwalk.o)
                0x000000000000d6d8                _fwalk_reent
 .text._localeconv_r
                0x000000000000d714       0x1c /home/strawmanbobi/.platformio/packages/toolchain-gccarmnoneeabi/bin/../lib/gcc/arm-none-eabi/7.2.1/../../../../arm-none-eabi/lib/thumb/v7e-m/fpv4-sp/hard/libc_nano.a(lib_a-localeconv.o)
                0x000000000000d714                _localeconv_r
 .text          0x000000000000d730       0xa0 /home/strawmanbobi/.platformio/packages/toolchain-gccarmnoneeabi/bin/../lib/gcc/arm-none-eabi/7.2.1/../../../../arm-none-eabi/lib/thumb/v7e-m/fpv4-sp/hard/libc_nano.a(lib_a-memchr.o)
                0x000000000000d730                memchr
 .text.__malloc_lock
                0x000000000000d7d0        0x2 /home/strawmanbobi/.platformio/packages/toolchain-gccarmnoneeabi/bin/../lib/gcc/arm-none-eabi/7.2.1/../../../../arm-none-eabi/lib/thumb/v7e-m/fpv4-sp/hard/libc_nano.a(lib_a-mlock.o)
                0x000000000000d7d0                __malloc_lock
 .text.__malloc_unlock
                0x000000000000d7d2        0x2 /home/strawmanbobi/.platformio/packages/toolchain-gccarmnoneeabi/bin/../lib/gcc/arm-none-eabi/7.2.1/../../../../arm-none-eabi/lib/thumb/v7e-m/fpv4-sp/hard/libc_nano.a(lib_a-mlock.o)
                0x000000000000d7d2                __malloc_unlock
 .text._Balloc  0x000000000000d7d4       0x68 /home/strawmanbobi/.platformio/packages/toolchain-gccarmnoneeabi/bin/../lib/gcc/arm-none-eabi/7.2.1/../../../../arm-none-eabi/lib/thumb/v7e-m/fpv4-sp/hard/libc_nano.a(lib_a-mprec.o)
                0x000000000000d7d4                _Balloc
 .text._Bfree   0x000000000000d83c       0x2e /home/strawmanbobi/.platformio/packages/toolchain-gccarmnoneeabi/bin/../lib/gcc/arm-none-eabi/7.2.1/../../../../arm-none-eabi/lib/thumb/v7e-m/fpv4-sp/hard/libc_nano.a(lib_a-mprec.o)
                0x000000000000d83c                _Bfree
 .text.__multadd
                0x000000000000d86a       0x76 /home/strawmanbobi/.platformio/packages/toolchain-gccarmnoneeabi/bin/../lib/gcc/arm-none-eabi/7.2.1/../../../../arm-none-eabi/lib/thumb/v7e-m/fpv4-sp/hard/libc_nano.a(lib_a-mprec.o)
                0x000000000000d86a                __multadd
 .text.__hi0bits
                0x000000000000d8e0       0x3e /home/strawmanbobi/.platformio/packages/toolchain-gccarmnoneeabi/bin/../lib/gcc/arm-none-eabi/7.2.1/../../../../arm-none-eabi/lib/thumb/v7e-m/fpv4-sp/hard/libc_nano.a(lib_a-mprec.o)
                0x000000000000d8e0                __hi0bits
 .text.__lo0bits
                0x000000000000d91e       0x5e /home/strawmanbobi/.platformio/packages/toolchain-gccarmnoneeabi/bin/../lib/gcc/arm-none-eabi/7.2.1/../../../../arm-none-eabi/lib/thumb/v7e-m/fpv4-sp/hard/libc_nano.a(lib_a-mprec.o)
                0x000000000000d91e                __lo0bits
 .text.__i2b    0x000000000000d97c       0x12 /home/strawmanbobi/.platformio/packages/toolchain-gccarmnoneeabi/bin/../lib/gcc/arm-none-eabi/7.2.1/../../../../arm-none-eabi/lib/thumb/v7e-m/fpv4-sp/hard/libc_nano.a(lib_a-mprec.o)
                0x000000000000d97c                __i2b
 .text.__multiply
                0x000000000000d98e      0x12c /home/strawmanbobi/.platformio/packages/toolchain-gccarmnoneeabi/bin/../lib/gcc/arm-none-eabi/7.2.1/../../../../arm-none-eabi/lib/thumb/v7e-m/fpv4-sp/hard/libc_nano.a(lib_a-mprec.o)
                0x000000000000d98e                __multiply
 *fill*         0x000000000000daba        0x2 ff
 .text.__pow5mult
                0x000000000000dabc       0x9c /home/strawmanbobi/.platformio/packages/toolchain-gccarmnoneeabi/bin/../lib/gcc/arm-none-eabi/7.2.1/../../../../arm-none-eabi/lib/thumb/v7e-m/fpv4-sp/hard/libc_nano.a(lib_a-mprec.o)
                0x000000000000dabc                __pow5mult
 .text.__lshift
                0x000000000000db58       0xa8 /home/strawmanbobi/.platformio/packages/toolchain-gccarmnoneeabi/bin/../lib/gcc/arm-none-eabi/7.2.1/../../../../arm-none-eabi/lib/thumb/v7e-m/fpv4-sp/hard/libc_nano.a(lib_a-mprec.o)
                0x000000000000db58                __lshift
 .text.__mcmp   0x000000000000dc00       0x34 /home/strawmanbobi/.platformio/packages/toolchain-gccarmnoneeabi/bin/../lib/gcc/arm-none-eabi/7.2.1/../../../../arm-none-eabi/lib/thumb/v7e-m/fpv4-sp/hard/libc_nano.a(lib_a-mprec.o)
                0x000000000000dc00                __mcmp
 .text.__mdiff  0x000000000000dc34       0xba /home/strawmanbobi/.platformio/packages/toolchain-gccarmnoneeabi/bin/../lib/gcc/arm-none-eabi/7.2.1/../../../../arm-none-eabi/lib/thumb/v7e-m/fpv4-sp/hard/libc_nano.a(lib_a-mprec.o)
                0x000000000000dc34                __mdiff
 .text.__d2b    0x000000000000dcee       0x9e /home/strawmanbobi/.platformio/packages/toolchain-gccarmnoneeabi/bin/../lib/gcc/arm-none-eabi/7.2.1/../../../../arm-none-eabi/lib/thumb/v7e-m/fpv4-sp/hard/libc_nano.a(lib_a-mprec.o)
                0x000000000000dcee                __d2b
 .text._calloc_r
                0x000000000000dd8c       0x1c /home/strawmanbobi/.platformio/packages/toolchain-gccarmnoneeabi/bin/../lib/gcc/arm-none-eabi/7.2.1/../../../../arm-none-eabi/lib/thumb/v7e-m/fpv4-sp/hard/libc_nano.a(lib_a-nano-callocr.o)
                0x000000000000dd8c                _calloc_r
 .text._realloc_r
                0x000000000000dda8       0x4c /home/strawmanbobi/.platformio/packages/toolchain-gccarmnoneeabi/bin/../lib/gcc/arm-none-eabi/7.2.1/../../../../arm-none-eabi/lib/thumb/v7e-m/fpv4-sp/hard/libc_nano.a(lib_a-nano-reallocr.o)
                0x000000000000dda8                _realloc_r
 .text.__ssputs_r
                0x000000000000ddf4       0xb4 /home/strawmanbobi/.platformio/packages/toolchain-gccarmnoneeabi/bin/../lib/gcc/arm-none-eabi/7.2.1/../../../../arm-none-eabi/lib/thumb/v7e-m/fpv4-sp/hard/libc_nano.a(lib_a-nano-svfprintf.o)
                0x000000000000ddf4                __ssputs_r
 .text._svfprintf_r
                0x000000000000dea8      0x1ec /home/strawmanbobi/.platformio/packages/toolchain-gccarmnoneeabi/bin/../lib/gcc/arm-none-eabi/7.2.1/../../../../arm-none-eabi/lib/thumb/v7e-m/fpv4-sp/hard/libc_nano.a(lib_a-nano-svfprintf.o)
                0x000000000000dea8                _svfprintf_r
                0x000000000000dea8                _svfiprintf_r
 .text.__sfputc_r
                0x000000000000e094       0x2e /home/strawmanbobi/.platformio/packages/toolchain-gccarmnoneeabi/bin/../lib/gcc/arm-none-eabi/7.2.1/../../../../arm-none-eabi/lib/thumb/v7e-m/fpv4-sp/hard/libc_nano.a(lib_a-nano-vfprintf.o)
 .text.__sfputs_r
                0x000000000000e0c2       0x24 /home/strawmanbobi/.platformio/packages/toolchain-gccarmnoneeabi/bin/../lib/gcc/arm-none-eabi/7.2.1/../../../../arm-none-eabi/lib/thumb/v7e-m/fpv4-sp/hard/libc_nano.a(lib_a-nano-vfprintf.o)
                0x000000000000e0c2                __sfputs_r
 *fill*         0x000000000000e0e6        0x2 ff
 .text._vfprintf_r
                0x000000000000e0e8      0x228 /home/strawmanbobi/.platformio/packages/toolchain-gccarmnoneeabi/bin/../lib/gcc/arm-none-eabi/7.2.1/../../../../arm-none-eabi/lib/thumb/v7e-m/fpv4-sp/hard/libc_nano.a(lib_a-nano-vfprintf.o)
                0x000000000000e0e8                _vfiprintf_r
                0x000000000000e0e8                _vfprintf_r
 .text.__sread  0x000000000000e310       0x22 /home/strawmanbobi/.platformio/packages/toolchain-gccarmnoneeabi/bin/../lib/gcc/arm-none-eabi/7.2.1/../../../../arm-none-eabi/lib/thumb/v7e-m/fpv4-sp/hard/libc_nano.a(lib_a-stdio.o)
                0x000000000000e310                __sread
 .text.__swrite
                0x000000000000e332       0x38 /home/strawmanbobi/.platformio/packages/toolchain-gccarmnoneeabi/bin/../lib/gcc/arm-none-eabi/7.2.1/../../../../arm-none-eabi/lib/thumb/v7e-m/fpv4-sp/hard/libc_nano.a(lib_a-stdio.o)
                0x000000000000e332                __swrite
 .text.__sseek  0x000000000000e36a       0x24 /home/strawmanbobi/.platformio/packages/toolchain-gccarmnoneeabi/bin/../lib/gcc/arm-none-eabi/7.2.1/../../../../arm-none-eabi/lib/thumb/v7e-m/fpv4-sp/hard/libc_nano.a(lib_a-stdio.o)
                0x000000000000e36a                __sseek
 .text.__sclose
                0x000000000000e38e        0x8 /home/strawmanbobi/.platformio/packages/toolchain-gccarmnoneeabi/bin/../lib/gcc/arm-none-eabi/7.2.1/../../../../arm-none-eabi/lib/thumb/v7e-m/fpv4-sp/hard/libc_nano.a(lib_a-stdio.o)
                0x000000000000e38e                __sclose
 *fill*         0x000000000000e396        0x2 ff
 .text.__swbuf_r
                0x000000000000e398       0xa4 /home/strawmanbobi/.platformio/packages/toolchain-gccarmnoneeabi/bin/../lib/gcc/arm-none-eabi/7.2.1/../../../../arm-none-eabi/lib/thumb/v7e-m/fpv4-sp/hard/libc_nano.a(lib_a-wbuf.o)
                0x000000000000e398                __swbuf_r
 .text._write_r
                0x000000000000e43c       0x24 /home/strawmanbobi/.platformio/packages/toolchain-gccarmnoneeabi/bin/../lib/gcc/arm-none-eabi/7.2.1/../../../../arm-none-eabi/lib/thumb/v7e-m/fpv4-sp/hard/libc_nano.a(lib_a-writer.o)
                0x000000000000e43c                _write_r
 .text.__swsetup_r
                0x000000000000e460       0xdc /home/strawmanbobi/.platformio/packages/toolchain-gccarmnoneeabi/bin/../lib/gcc/arm-none-eabi/7.2.1/../../../../arm-none-eabi/lib/thumb/v7e-m/fpv4-sp/hard/libc_nano.a(lib_a-wsetup.o)
                0x000000000000e460                __swsetup_r
 .text._close_r
                0x000000000000e53c       0x20 /home/strawmanbobi/.platformio/packages/toolchain-gccarmnoneeabi/bin/../lib/gcc/arm-none-eabi/7.2.1/../../../../arm-none-eabi/lib/thumb/v7e-m/fpv4-sp/hard/libc_nano.a(lib_a-closer.o)
                0x000000000000e53c                _close_r
 .text.__sflush_r
                0x000000000000e55c      0x10c /home/strawmanbobi/.platformio/packages/toolchain-gccarmnoneeabi/bin/../lib/gcc/arm-none-eabi/7.2.1/../../../../arm-none-eabi/lib/thumb/v7e-m/fpv4-sp/hard/libc_nano.a(lib_a-fflush.o)
                0x000000000000e55c                __sflush_r
 .text._fflush_r
                0x000000000000e668       0x54 /home/strawmanbobi/.platformio/packages/toolchain-gccarmnoneeabi/bin/../lib/gcc/arm-none-eabi/7.2.1/../../../../arm-none-eabi/lib/thumb/v7e-m/fpv4-sp/hard/libc_nano.a(lib_a-fflush.o)
                0x000000000000e668                _fflush_r
 .text._lseek_r
                0x000000000000e6bc       0x24 /home/strawmanbobi/.platformio/packages/toolchain-gccarmnoneeabi/bin/../lib/gcc/arm-none-eabi/7.2.1/../../../../arm-none-eabi/lib/thumb/v7e-m/fpv4-sp/hard/libc_nano.a(lib_a-lseekr.o)
                0x000000000000e6bc                _lseek_r
 .text.__swhatbuf_r
                0x000000000000e6e0       0x48 /home/strawmanbobi/.platformio/packages/toolchain-gccarmnoneeabi/bin/../lib/gcc/arm-none-eabi/7.2.1/../../../../arm-none-eabi/lib/thumb/v7e-m/fpv4-sp/hard/libc_nano.a(lib_a-makebuf.o)
                0x000000000000e6e0                __swhatbuf_r
 .text.__smakebuf_r
                0x000000000000e728       0x80 /home/strawmanbobi/.platformio/packages/toolchain-gccarmnoneeabi/bin/../lib/gcc/arm-none-eabi/7.2.1/../../../../arm-none-eabi/lib/thumb/v7e-m/fpv4-sp/hard/libc_nano.a(lib_a-makebuf.o)
                0x000000000000e728                __smakebuf_r
 .text._malloc_usable_size_r
                0x000000000000e7a8       0x10 /home/strawmanbobi/.platformio/packages/toolchain-gccarmnoneeabi/bin/../lib/gcc/arm-none-eabi/7.2.1/../../../../arm-none-eabi/lib/thumb/v7e-m/fpv4-sp/hard/libc_nano.a(lib_a-nano-msizer.o)
                0x000000000000e7a8                _malloc_usable_size_r
 .text._read_r  0x000000000000e7b8       0x24 /home/strawmanbobi/.platformio/packages/toolchain-gccarmnoneeabi/bin/../lib/gcc/arm-none-eabi/7.2.1/../../../../arm-none-eabi/lib/thumb/v7e-m/fpv4-sp/hard/libc_nano.a(lib_a-readr.o)
                0x000000000000e7b8                _read_r
 .text._fstat_r
                0x000000000000e7dc       0x24 /home/strawmanbobi/.platformio/packages/toolchain-gccarmnoneeabi/bin/../lib/gcc/arm-none-eabi/7.2.1/../../../../arm-none-eabi/lib/thumb/v7e-m/fpv4-sp/hard/libc_nano.a(lib_a-fstatr.o)
                0x000000000000e7dc                _fstat_r
 .text._isatty_r